Component: ARM Compiler 5.06 update 6 (build 750) Tool: armlink [4d35ed]

==============================================================================

Section Cross References

    main.o(i.assign_priorty) refers to qsortnoex.o(.text) for qsort
    main.o(i.assign_priorty) refers to main.o(i.cmp_period) for cmp_period
    main.o(i.delete_task_data) refers to heap_2.o(i.vPortFree) for vPortFree
    main.o(i.fix_task_priorities) refers to tasks.o(i.vTaskPrioritySet) for vTaskPrioritySet
    main.o(i.float_split) refers to dflt_clz.o(x$fpl$dflt) for __aeabi_i2d
    main.o(i.float_split) refers to pow.o(i.__hardfp_pow) for __hardfp_pow
    main.o(i.float_split) refers to dfix.o(x$fpl$dfix) for __aeabi_d2iz
    main.o(i.generate_task_data) refers to _printf_percent.o(.ARM.Collect$$_printf_percent$$00000000) for _printf_percent
    main.o(i.generate_task_data) refers to _printf_d.o(.ARM.Collect$$_printf_percent$$00000009) for _printf_d
    main.o(i.generate_task_data) refers to _printf_dec.o(.text) for _printf_int_dec
    main.o(i.generate_task_data) refers to heap_2.o(i.pvPortMalloc) for pvPortMalloc
    main.o(i.generate_task_data) refers to main.o(i.rand_range) for rand_range
    main.o(i.generate_task_data) refers to noretval__2sprintf.o(.text) for __2sprintf
    main.o(i.main) refers to main.o(i.ports_init) for ports_init
    main.o(i.main) refers to main.o(i.uart_init) for uart_init
    main.o(i.main) refers to rand.o(.text) for srand
    main.o(i.main) refers to main.o(i.rand_range) for rand_range
    main.o(i.main) refers to uartstdio.o(i.UARTprintf) for UARTprintf
    main.o(i.main) refers to heap_2.o(i.pvPortMalloc) for pvPortMalloc
    main.o(i.main) refers to main.o(i.generate_task_data) for generate_task_data
    main.o(i.main) refers to main.o(i.cpu_utilization) for cpu_utilization
    main.o(i.main) refers to main.o(i.float_split) for float_split
    main.o(i.main) refers to f2d.o(x$fpl$f2d) for __aeabi_f2d
    main.o(i.main) refers to dleqf.o(x$fpl$dleqf) for __aeabi_cdcmple
    main.o(i.main) refers to main.o(i.assign_priorty) for assign_priorty
    main.o(i.main) refers to main.o(i.print_data_array) for print_data_array
    main.o(i.main) refers to my_queue.o(i.createQueue) for createQueue
    main.o(i.main) refers to qsortnoex.o(.text) for qsort
    main.o(i.main) refers to tasks.o(i.xTaskCreate) for xTaskCreate
    main.o(i.main) refers to tasks.o(i.vTaskSuspend) for vTaskSuspend
    main.o(i.main) refers to my_queue.o(i.enqueue) for enqueue
    main.o(i.main) refers to tasks.o(i.vTaskStartScheduler) for vTaskStartScheduler
    main.o(i.main) refers to main.o(i.cmp_arrival) for cmp_arrival
    main.o(i.main) refers to main.o(i.random_task) for random_task
    main.o(i.main) refers to main.o(i.cmp_delete) for cmp_delete
    main.o(i.main) refers to main.o(.constdata) for .constdata
    main.o(i.main) refers to main.o(i.monotonic_scheduler) for monotonic_scheduler
    main.o(i.monotonic_scheduler) refers to tasks.o(i.uxTaskGetNumberOfTasks) for uxTaskGetNumberOfTasks
    main.o(i.monotonic_scheduler) refers to tasks.o(i.vTaskDelay) for vTaskDelay
    main.o(i.monotonic_scheduler) refers to my_queue.o(i.front) for front
    main.o(i.monotonic_scheduler) refers to my_queue.o(i.dequeue) for dequeue
    main.o(i.monotonic_scheduler) refers to main.o(i.process_event) for process_event
    main.o(i.monotonic_scheduler) refers to heap_2.o(i.vPortFree) for vPortFree
    main.o(i.monotonic_scheduler) refers to main.o(i.delete_task_data) for delete_task_data
    main.o(i.monotonic_scheduler) refers to uartstdio.o(i.UARTprintf) for UARTprintf
    main.o(i.monotonic_scheduler) refers to tasks.o(i.vTaskSuspendAll) for vTaskSuspendAll
    main.o(i.monotonic_scheduler) refers to main.o(i.assign_priorty) for assign_priorty
    main.o(i.monotonic_scheduler) refers to main.o(i.fix_task_priorities) for fix_task_priorities
    main.o(i.monotonic_scheduler) refers to main.o(i.print_task_list) for print_task_list
    main.o(i.monotonic_scheduler) refers to tasks.o(i.xTaskResumeAll) for xTaskResumeAll
    main.o(i.print_data) refers to uartstdio.o(i.UARTprintf) for UARTprintf
    main.o(i.print_data_array) refers to uartstdio.o(i.UARTprintf) for UARTprintf
    main.o(i.print_data_array) refers to main.o(i.print_data) for print_data
    main.o(i.print_task_list) refers to uartstdio.o(i.UARTprintf) for UARTprintf
    main.o(i.print_task_list) refers to heap_2.o(i.pvPortMalloc) for pvPortMalloc
    main.o(i.print_task_list) refers to tasks.o(i.vTaskList) for vTaskList
    main.o(i.print_task_list) refers to heap_2.o(i.vPortFree) for vPortFree
    main.o(i.process_event) refers to uartstdio.o(i.UARTprintf) for UARTprintf
    main.o(i.process_event) refers to tasks.o(i.vTaskResume) for vTaskResume
    main.o(i.process_event) refers to tasks.o(i.vTaskDelete) for vTaskDelete
    main.o(i.rand_range) refers to rand.o(.emb_text) for rand
    main.o(i.random_task) refers to tasks.o(i.xTaskGetTickCount) for xTaskGetTickCount
[...]
    i.vTaskDelay                             0x00003d60   Section        0  tasks.o(i.vTaskDelay)
    i.vTaskDelayUntil                        0x00003dbc   Section        0  tasks.o(i.vTaskDelayUntil)
    i.vTaskDelete                            0x00003e90   Section        0  tasks.o(i.vTaskDelete)
    i.vTaskGetInfo                           0x00003f84   Section        0  tasks.o(i.vTaskGetInfo)
    i.vTaskInternalSetTimeOutState           0x00004008   Section        0  tasks.o(i.vTaskInternalSetTimeOutState)
    i.vTaskList                              0x00004020   Section        0  tasks.o(i.vTaskList)
    i.vTaskMissedYield                       0x000040fc   Section        0  tasks.o(i.vTaskMissedYield)
    i.vTaskPlaceOnEventList                  0x00004108   Section        0  tasks.o(i.vTaskPlaceOnEventList)
    i.vTaskPlaceOnEventListRestricted        0x00004140   Section        0  tasks.o(i.vTaskPlaceOnEventListRestricted)
    i.vTaskPrioritySet                       0x00004180   Section        0  tasks.o(i.vTaskPrioritySet)
    i.vTaskResume                            0x00004294   Section        0  tasks.o(i.vTaskResume)
    i.vTaskStartScheduler                    0x00004324   Section        0  tasks.o(i.vTaskStartScheduler)
    i.vTaskStepTick                          0x000043b8   Section        0  tasks.o(i.vTaskStepTick)
    i.vTaskSuspend                           0x000043f8   Section        0  tasks.o(i.vTaskSuspend)
    i.vTaskSuspendAll                        0x000044ec   Section        0  tasks.o(i.vTaskSuspendAll)
    i.vTaskSwitchContext                     0x000044fc   Section        0  tasks.o(i.vTaskSwitchContext)
    i.wait_1ms                               0x00004588   Section        0  main.o(i.wait_1ms)
    i.xPortStartScheduler                    0x000045a0   Section        0  port.o(i.xPortStartScheduler)
    i.xQueueGenericCreate                    0x00004708   Section        0  queue_1.o(i.xQueueGenericCreate)
    i.xQueueGenericReset                     0x00004764   Section        0  queue_1.o(i.xQueueGenericReset)
    i.xQueueGenericSend                      0x000047fc   Section        0  queue_1.o(i.xQueueGenericSend)
    i.xQueueGenericSendFromISR               0x000049d4   Section        0  queue_1.o(i.xQueueGenericSendFromISR)
    i.xQueueReceive                          0x00004adc   Section        0  queue_1.o(i.xQueueReceive)
    i.xTaskCheckForTimeOut                   0x00004c44   Section        0  tasks.o(i.xTaskCheckForTimeOut)
    i.xTaskCreate                            0x00004cec   Section        0  tasks.o(i.xTaskCreate)
    i.xTaskGetSchedulerState                 0x00004d4c   Section        0  tasks.o(i.xTaskGetSchedulerState)
    i.xTaskGetTickCount                      0x00004d6c   Section        0  tasks.o(i.xTaskGetTickCount)
    i.xTaskIncrementTick                     0x00004d78   Section        0  tasks.o(i.xTaskIncrementTick)
    i.xTaskPriorityDisinherit                0x00004ec0   Section        0  tasks.o(i.xTaskPriorityDisinherit)
    i.xTaskRemoveFromEventList               0x00004f88   Section        0  tasks.o(i.xTaskRemoveFromEventList)
    i.xTaskResumeAll                         0x00005024   Section        0  tasks.o(i.xTaskResumeAll)
    i.xTimerCreateTimerTask                  0x00005128   Section        0  timers.o(i.xTimerCreateTimerTask)
    i.xTimerGenericCommand                   0x0000517c   Section        0  timers.o(i.xTimerGenericCommand)
    x$fpl$basic                              0x00005200   Section       24  basic.o(x$fpl$basic)
    $v0                                      0x00005200   Number         0  basic.o(x$fpl$basic)
    x$fpl$dadd                               0x00005218   Section      336  daddsub_clz.o(x$fpl$dadd)
    $v0                                      0x00005218   Number         0  daddsub_clz.o(x$fpl$dadd)
    _dadd1                                   0x00005229   Thumb Code     0  daddsub_clz.o(x$fpl$dadd)
    x$fpl$dcheck1                            0x00005368   Section       16  dcheck1.o(x$fpl$dcheck1)
    $v0                                      0x00005368   Number         0  dcheck1.o(x$fpl$dcheck1)
    x$fpl$dcmpinf                            0x00005378   Section       24  dcmpi.o(x$fpl$dcmpinf)
    $v0                                      0x00005378   Number         0  dcmpi.o(x$fpl$dcmpinf)
    x$fpl$ddiv                               0x00005390   Section      688  ddiv.o(x$fpl$ddiv)
    $v0                                      0x00005390   Number         0  ddiv.o(x$fpl$ddiv)
    ddiv_entry                               0x00005397   Thumb Code     0  ddiv.o(x$fpl$ddiv)
    x$fpl$dfix                               0x00005640   Section       94  dfix.o(x$fpl$dfix)
    $v0                                      0x00005640   Number         0  dfix.o(x$fpl$dfix)
    x$fpl$dflt                               0x0000569e   Section       46  dflt_clz.o(x$fpl$dflt)
    $v0                                      0x0000569e   Number         0  dflt_clz.o(x$fpl$dflt)
    x$fpl$dleqf                              0x000056cc   Section      120  dleqf.o(x$fpl$dleqf)
    $v0                                      0x000056cc   Number         0  dleqf.o(x$fpl$dleqf)
    x$fpl$dmul                               0x00005744   Section      340  dmul.o(x$fpl$dmul)
    $v0                                      0x00005744   Number         0  dmul.o(x$fpl$dmul)
    x$fpl$dnaninf                            0x00005898   Section      156  dnaninf.o(x$fpl$dnaninf)
    $v0                                      0x00005898   Number         0  dnaninf.o(x$fpl$dnaninf)
    x$fpl$dretinf                            0x00005934   Section       12  dretinf.o(x$fpl$dretinf)
    $v0                                      0x00005934   Number         0  dretinf.o(x$fpl$dretinf)
    x$fpl$drleqf                             0x00005940   Section      108  drleqf.o(x$fpl$drleqf)
    $v0                                      0x00005940   Number         0  drleqf.o(x$fpl$drleqf)
    x$fpl$drsb                               0x000059ac   Section       22  daddsub_clz.o(x$fpl$drsb)
    $v0                                      0x000059ac   Number         0  daddsub_clz.o(x$fpl$drsb)
    x$fpl$dsqrt                              0x000059c4   Section      408  dsqrt_umaal.o(x$fpl$dsqrt)
    $v0                                      0x000059c4   Number         0  dsqrt_umaal.o(x$fpl$dsqrt)
    x$fpl$dsub                               0x00005b5c   Section      468  daddsub_clz.o(x$fpl$dsub)
    $v0                                      0x00005b5c   Number         0  daddsub_clz.o(x$fpl$dsub)
    _dsub1                                   0x00005b6d   Thumb Code     0  daddsub_clz.o(x$fpl$dsub)
    x$fpl$f2d                                0x00005d30   Section       86  f2d.o(x$fpl$f2d)
    $v0                                      0x00005d30   Number         0  f2d.o(x$fpl$f2d)
    x$fpl$fnaninf                            0x00005d86   Section      140  fnaninf.o(x$fpl$fnaninf)
    $v0                                      0x00005d86   Number         0  fnaninf.o(x$fpl$fnaninf)
    x$fpl$fpinit                             0x00005e12   Section       10  fpinit.o(x$fpl$fpinit)
    $v0                                      0x00005e12   Number         0  fpinit.o(x$fpl$fpinit)
    x$fpl$retnan                             0x00005e1c   Section      100  retnan.o(x$fpl$retnan)
    $v0                                      0x00005e1c   Number         0  retnan.o(x$fpl$retnan)
    x$fpl$scalbn                             0x00005e80   Section       92  scalbn.o(x$fpl$scalbn)
    $v0                                      0x00005e80   Number         0  scalbn.o(x$fpl$scalbn)
    x$fpl$trapveneer                         0x00005edc   Section       48  trapv.o(x$fpl$trapveneer)
    $v0                                      0x00005edc   Number         0  trapv.o(x$fpl$trapveneer)
    .constdata                               0x00005f0c   Section       12  main.o(.constdata)
    x$fpl$usenofp                            0x00005f0c   Section        0  usenofp.o(x$fpl$usenofp)
    .constdata                               0x00005f18   Section       28  uartstdio.o(.constdata)
    g_pcHex                                  0x00005f18   Data           4  uartstdio.o(.constdata)
    g_ui32UARTBase                           0x00005f1c   Data          12  uartstdio.o(.constdata)
    g_ui32UARTPeriph                         0x00005f28   Data          12  uartstdio.o(.constdata)
    .constdata                               0x00005f34   Section      596  sysctl.o(.constdata)
    g_pui32VCOFrequencies                    0x00005f34   Data           8  sysctl.o(.constdata)
    g_pui32Xtals                             0x00005f3c   Data         108  sysctl.o(.constdata)
    g_pppui32XTALtoVCO                       0x00005fa8   Data         432  sysctl.o(.constdata)
    g_sXTALtoMEMTIM                          0x00006158   Data          48  sysctl.o(.constdata)
    .constdata                               0x00006188   Section      136  pow.o(.constdata)
    bp                                       0x00006188   Data          16  pow.o(.constdata)
    dp_h                                     0x00006198   Data          16  pow.o(.constdata)
    dp_l                                     0x000061a8   Data          16  pow.o(.constdata)
    L                                        0x000061b8   Data          48  pow.o(.constdata)
    P                                        0x000061e8   Data          40  pow.o(.constdata)
    .constdata                               0x00006210   Section        8  qnan.o(.constdata)
    .conststring                             0x00006218   Section       17  uartstdio.o(.conststring)
    .data                                    0x20000000   Section        5  uartstdio.o(.data)
    g_ui32Base                               0x20000000   Data           4  uartstdio.o(.data)
    bLastWasCR                               0x20000004   Data           1  uartstdio.o(.data)
    .data                                    0x20000008   Section        4  system_tm4c123.o(.data)
    .data                                    0x2000000c   Section       24  heap_2.o(.data)
    xStart                                   0x2000000c   Data           8  heap_2.o(.data)
    xEnd                                     0x20000014   Data           8  heap_2.o(.data)
    xFreeBytesRemaining                      0x2000001c   Data           4  heap_2.o(.data)
    xHeapHasBeenInitialised                  0x20000020   Data           4  heap_2.o(.data)
    .data                                    0x20000024   Section       24  port.o(.data)
    uxCriticalNesting                        0x20000024   Data           4  port.o(.data)
    ulTimerCountsForOneTick                  0x20000028   Data           4  port.o(.data)
    xMaximumPossibleSuppressedTicks          0x2000002c   Data           4  port.o(.data)
    ulStoppedTimerCompensation               0x20000030   Data           4  port.o(.data)
    ucMaxSysCallPriority                     0x20000034   Data           1  port.o(.data)
    ulMaxPRIGROUPValue                       0x20000038   Data           4  port.o(.data)
    .data                                    0x2000003c   Section       60  tasks.o(.data)
    pxDelayedTaskList                        0x20000040   Data           4  tasks.o(.data)
    pxOverflowDelayedTaskList                0x20000044   Data           4  tasks.o(.data)
    uxDeletedTasksWaitingCleanUp             0x20000048   Data           4  tasks.o(.data)
    uxCurrentNumberOfTasks                   0x2000004c   Data           4  tasks.o(.data)
    xTickCount                               0x20000050   Data           4  tasks.o(.data)
    uxTopReadyPriority                       0x20000054   Data           4  tasks.o(.data)
    xSchedulerRunning                        0x20000058   Data           4  tasks.o(.data)
    uxPendedTicks                            0x2000005c   Data           4  tasks.o(.data)
    xYieldPending                            0x20000060   Data           4  tasks.o(.data)
    xNumOfOverflows                          0x20000064   Data           4  tasks.o(.data)
    uxTaskNumber                             0x20000068   Data           4  tasks.o(.data)
    xNextTaskUnblockTime                     0x2000006c   Data           4  tasks.o(.data)
    xIdleTaskHandle                          0x20000070   Data           4  tasks.o(.data)
    uxSchedulerSuspended                     0x20000074   Data           4  tasks.o(.data)
    .data                                    0x20000078   Section       20  timers.o(.data)
    pxCurrentTimerList                       0x20000078   Data           4  timers.o(.data)
    pxOverflowTimerList                      0x2000007c   Data           4  timers.o(.data)
    xTimerQueue                              0x20000080   Data           4  timers.o(.data)
    xTimerTaskHandle                         0x20000084   Data           4  timers.o(.data)
    xLastTime                                0x20000088   Data           4  timers.o(.data)
    .bss                                     0x2000008c   Section     8192  heap_2.o(.bss)
    ucHeap                                   0x2000008c   Data        8192  heap_2.o(.bss)
    .bss                                     0x2000208c   Section      300  tasks.o(.bss)
    pxReadyTasksLists                        0x2000208c   Data         200  tasks.o(.bss)
    xDelayedTaskList1                        0x20002154   Data          20  tasks.o(.bss)
    xDelayedTaskList2                        0x20002168   Data          20  tasks.o(.bss)
    xPendingReadyList                        0x2000217c   Data          20  tasks.o(.bss)
    xTasksWaitingTermination                 0x20002190   Data          20  tasks.o(.bss)
    xSuspendedTaskList                       0x200021a4   Data          20  tasks.o(.bss)
    .bss                                     0x200021b8   Section       40  timers.o(.bss)
    xActiveTimerList1                        0x200021b8   Data          20  timers.o(.bss)
    xActiveTimerList2                        0x200021cc   Data          20  timers.o(.bss)
    .bss                                     0x200021e0   Section      228  rand.o(.bss)
    .bss                                     0x200022c4   Section       96  libspace.o(.bss)
    HEAP                                     0x20002328   Section        0  startup_tm4c123.o(HEAP)
    STACK                                    0x20002328   Section      512  startup_tm4c123.o(STACK)
    Heap_Mem                                 0x20002328   Data           0  startup_tm4c123.o(HEAP)
    Stack_Mem                                0x20002328   Data         512  startup_tm4c123.o(STACK)
    __initial_sp                             0x20002528   Data           0  startup_tm4c123.o(STACK)

    Global Symbols

    Symbol Name                              Value     Ov Type        Size  Object(Section)

    BuildAttributes$$THM_ISAv4$E$P$D$K$B$S$7EM$VFPi3$EXTD16$VFPS$VFMA$PE$A:L22UL41UL21$X:L11$S22US41US21$IEEE1$IW$USESV6$~STKCKD$USESV7$~SHL$OTIME$ROPI$IEEEX$EBA8$UX$STANDARDLIB$REQ8$PRES8$EABIv2 0x00000000   Number         0  anon$$obj.o ABSOLUTE
    __ARM_use_no_argv                        0x00000000   Number         0  main.o ABSOLUTE
    __Vectors                                0x00000000   Data           4  startup_tm4c123.o(RESET)
    __ARM_exceptions_init                     - Undefined Weak Reference
    __alloca_initialize                       - Undefined Weak Reference
    __arm_preinit_                            - Undefined Weak Reference
    __cpp_initialize__aeabi_                  - Undefined Weak Reference
    __cxa_finalize                            - Undefined Weak Reference
    __rt_locale                               - Undefined Weak Reference
    __sigvec_lookup                           - Undefined Weak Reference
    _atexit_init                              - Undefined Weak Reference
    _call_atexit_fns                          - Undefined Weak Reference
    _clock_init                               - Undefined Weak Reference
    _fp_trap_init                             - Undefined Weak Reference
    _fp_trap_shutdown                         - Undefined Weak Reference
    _get_lc_collate                           - Undefined Weak Reference
    _get_lc_ctype                             - Undefined Weak Reference
    _get_lc_monetary                          - Undefined Weak Reference
    _get_lc_numeric                           - Undefined Weak Reference
    _get_lc_time                              - Undefined Weak Reference
    _getenv_init                              - Undefined Weak Reference
    _handle_redirection                       - Undefined Weak Reference
    _init_alloc                               - Undefined Weak Reference
    _init_user_alloc                          - Undefined Weak Reference
    _initio                                   - Undefined Weak Reference
    _printf_mbtowc                            - Undefined Weak Reference
    _printf_post_padding                      - Undefined Weak Reference
    _printf_pre_padding                       - Undefined Weak Reference
    _printf_truncate_signed                   - Undefined Weak Reference
    _printf_truncate_unsigned                 - Undefined Weak Reference
    _signal_finish                            - Undefined Weak Reference
    _signal_init                              - Undefined Weak Reference
    _terminate_alloc                          - Undefined Weak Reference
    _terminate_user_alloc                     - Undefined Weak Reference
    _terminateio                              - Undefined Weak Reference
    __Vectors_End                            0x0000026c   Data           0  startup_tm4c123.o(RESET)
    __Vectors_Size                           0x0000026c   Number         0  startup_tm4c123.o ABSOLUTE
    __main                                   0x0000026d   Thumb Code     8  __main.o(!!!main)
    __scatterload                            0x00000275   Thumb Code     0  __scatter.o(!!!scatter)
    __scatterload_rt2                        0x00000275   Thumb Code    44  __scatter.o(!!!scatter)
    __scatterload_rt2_thumb_only             0x00000275   Thumb Code     0  __scatter.o(!!!scatter)
    __scatterload_null                       0x00000283   Thumb Code     0  __scatter.o(!!!scatter)
    __scatterload_copy                       0x000002a9   Thumb Code    26  __scatter_copy.o(!!handler_copy)
    __scatterload_zeroinit                   0x000002c5   Thumb Code    28  __scatter_zi.o(!!handler_zi)
    _printf_d                                0x000002e1   Thumb Code     0  _printf_d.o(.ARM.Collect$$_printf_percent$$00000009)
    _printf_percent                          0x000002e1   Thumb Code     0  _printf_percent.o(.ARM.Collect$$_printf_percent$$00000000)
    _printf_u                                0x000002e7   Thumb Code     0  _printf_u.o(.ARM.Collect$$_printf_percent$$0000000A)
    _printf_c                                0x000002ed   Thumb Code     0  _printf_c.o(.ARM.Collect$$_printf_percent$$00000013)
    _printf_percent_end                      0x000002f3   Thumb Code     0  _printf_percent_end.o(.ARM.Collect$$_printf_percent$$00000017)
    __rt_lib_init                            0x000002f7   Thumb Code     0  libinit.o(.ARM.Collect$$libinit$$00000000)
    __rt_lib_init_fp_1                       0x000002f9   Thumb Code     0  libinit2.o(.ARM.Collect$$libinit$$00000001)
    __rt_lib_init_heap_1                     0x000002fd   Thumb Code     0  libinit2.o(.ARM.Collect$$libinit$$0000000A)
    __rt_lib_init_preinit_1                  0x000002fd   Thumb Code     0  libinit2.o(.ARM.Collect$$libinit$$00000004)
    __rt_lib_init_rand_2                     0x000002fd   Thumb Code     0  libinit2.o(.ARM.Collect$$libinit$$0000000D)
    __rt_lib_init_user_alloc_1               0x000002fd   Thumb Code     0  libinit2.o(.ARM.Collect$$libinit$$0000000C)
    __rt_lib_init_alloca_1                   0x00000301   Thumb Code     0  libinit2.o(.ARM.Collect$$libinit$$0000002E)
    __rt_lib_init_argv_1                     0x00000301   Thumb Code     0  libinit2.o(.ARM.Collect$$libinit$$0000002C)
    __rt_lib_init_atexit_1                   0x00000301   Thumb Code     0  libinit2.o(.ARM.Collect$$libinit$$0000001B)
    __rt_lib_init_clock_1                    0x00000301   Thumb Code     0  libinit2.o(.ARM.Collect$$libinit$$00000021)
    __rt_lib_init_cpp_1                      0x00000301   Thumb Code     0  libinit2.o(.ARM.Collect$$libinit$$00000032)
    __rt_lib_init_exceptions_1               0x00000301   Thumb Code     0  libinit2.o(.ARM.Collect$$libinit$$00000030)
    __rt_lib_init_fp_trap_1                  0x00000301   Thumb Code     0  libinit2.o(.ARM.Collect$$libinit$$0000001F)
    __rt_lib_init_getenv_1                   0x00000301   Thumb Code     0  libinit2.o(.ARM.Collect$$libinit$$00000023)
    __rt_lib_init_lc_collate_1               0x00000301   Thumb Code     0  libinit2.o(.ARM.Collect$$libinit$$00000011)
    __rt_lib_init_lc_ctype_1                 0x00000301   Thumb Code     0  libinit2.o(.ARM.Collect$$libinit$$00000013)
    __rt_lib_init_lc_monetary_1              0x00000301   Thumb Code     0  libinit2.o(.ARM.Collect$$libinit$$00000015)
    __rt_lib_init_lc_numeric_1               0x00000301   Thumb Code     0  libinit2.o(.ARM.Collect$$libinit$$00000017)
    __rt_lib_init_lc_time_1                  0x00000301   Thumb Code     0  libinit2.o(.ARM.Collect$$libinit$$00000019)
    __rt_lib_init_rand_1                     0x00000301   Thumb Code     0  libinit2.o(.ARM.Collect$$libinit$$0000000E)
    __rt_lib_init_return                     0x00000301   Thumb Code     0  libinit2.o(.ARM.Collect$$libinit$$00000033)
    __rt_lib_init_signal_1                   0x00000301   Thumb Code     0  libinit2.o(.ARM.Collect$$libinit$$0000001D)
    __rt_lib_init_stdio_1                    0x00000301   Thumb Code     0  libinit2.o(.ARM.Collect$$libinit$$00000025)
    __rt_lib_shutdown                        0x00000303   Thumb Code     0  libshutdown.o(.ARM.Collect$$libshutdown$$00000000)
    __rt_lib_shutdown_cpp_1                  0x00000305   Thumb Code     0  libshutdown2.o(.ARM.Collect$$libshutdown$$00000002)
    __rt_lib_shutdown_fp_trap_1              0x00000305   Thumb Code     0  libshutdown2.o(.ARM.Collect$$libshutdown$$00000007)
    __rt_lib_shutdown_heap_1                 0x00000305   Thumb Code     0  libshutdown2.o(.ARM.Collect$$libshutdown$$0000000F)
    __rt_lib_shutdown_return                 0x00000305   Thumb Code     0  libshutdown2.o(.ARM.Collect$$libshutdown$$00000010)
    __rt_lib_shutdown_signal_1               0x00000305   Thumb Code     0  libshutdown2.o(.ARM.Collect$$libshutdown$$0000000A)
    __rt_lib_shutdown_stdio_1                0x00000305   Thumb Code     0  libshutdown2.o(.ARM.Collect$$libshutdown$$00000004)
    __rt_lib_shutdown_user_alloc_1           0x00000305   Thumb Code     0  libshutdown2.o(.ARM.Collect$$libshutdown$$0000000C)
    __rt_entry                               0x00000307   Thumb Code     0  __rtentry.o(.ARM.Collect$$rtentry$$00000000)
    __rt_entry_presh_1                       0x00000307   Thumb Code     0  __rtentry2.o(.ARM.Collect$$rtentry$$00000002)
    __rt_entry_sh                            0x00000307   Thumb Code     0  __rtentry4.o(.ARM.Collect$$rtentry$$00000004)
    __rt_entry_li                            0x0000030d   Thumb Code     0  __rtentry2.o(.ARM.Collect$$rtentry$$0000000A)
    __rt_entry_postsh_1                      0x0000030d   Thumb Code     0  __rtentry2.o(.ARM.Collect$$rtentry$$00000009)
    __rt_entry_main                          0x00000311   Thumb Code     0  __rtentry2.o(.ARM.Collect$$rtentry$$0000000D)
    __rt_entry_postli_1                      0x00000311   Thumb Code     0  __rtentry2.o(.ARM.Collect$$rtentry$$0000000C)
    __rt_exit                                0x00000319   Thumb Code     0  rtexit.o(.ARM.Collect$$rtexit$$00000000)
    __rt_exit_ls                             0x0000031b   Thumb Code     0  rtexit2.o(.ARM.Collect$$rtexit$$00000003)
    __rt_exit_prels_1                        0x0000031b   Thumb Code     0  rtexit2.o(.ARM.Collect$$rtexit$$00000002)
    __rt_exit_exit                           0x0000031f   Thumb Code     0  rtexit2.o(.ARM.Collect$$rtexit$$00000004)
    SVC_Handler                              0x00000325   Thumb Code    28  port.o(.emb_text)
    __asm___6_port_c_39a90d8d__prvStartFirstTask 0x00000345   Thumb Code    36  port.o(.emb_text)
    __asm___6_port_c_39a90d8d__prvEnableVFP  0x0000036d   Thumb Code    16  port.o(.emb_text)
    PendSV_Handler                           0x00000381   Thumb Code    88  port.o(.emb_text)
    vPortGetIPSR                             0x000003dd   Thumb Code     6  port.o(.emb_text)
    rand                                     0x000003e5   Thumb Code    48  rand.o(.emb_text)
    Reset_Handler                            0x00000419   Thumb Code     8  startup_tm4c123.o(.text)
    NMI_Handler                              0x00000421   Thumb Code     2  startup_tm4c123.o(.text)
    HardFault_Handler                        0x00000423   Thumb Code     2  startup_tm4c123.o(.text)
    MemManage_Handler                        0x00000425   Thumb Code     2  startup_tm4c123.o(.text)
    BusFault_Handler                         0x00000427   Thumb Code     2  startup_tm4c123.o(.text)
    UsageFault_Handler                       0x00000429   Thumb Code     2  startup_tm4c123.o(.text)
    DebugMon_Handler                         0x0000042d   Thumb Code     2  startup_tm4c123.o(.text)
    GPIOA_Handler                            0x00000433   Thumb Code     2  startup_tm4c123.o(.text)
    GPIOB_Handler                            0x00000435   Thumb Code     2  startup_tm4c123.o(.text)
    GPIOC_Handler                            0x00000437   Thumb Code     2  startup_tm4c123.o(.text)
    GPIOD_Handler                            0x00000439   Thumb Code     2  startup_tm4c123.o(.text)
    GPIOE_Handler                            0x0000043b   Thumb Code     2  startup_tm4c123.o(.text)
    UART0_Handler                            0x0000043d   Thumb Code     2  startup_tm4c123.o(.text)
    UART1_Handler                            0x0000043f   Thumb Code     2  startup_tm4c123.o(.text)
    SSI0_Handler                             0x00000441   Thumb Code     2  startup_tm4c123.o(.text)
    I2C0_Handler                             0x00000443   Thumb Code     2  startup_tm4c123.o(.text)
    PMW0_FAULT_Handler                       0x00000445   Thumb Code     2  startup_tm4c123.o(.text)
    PWM0_0_Handler                           0x00000447   Thumb Code     2  startup_tm4c123.o(.text)
    PWM0_1_Handler                           0x00000449   Thumb Code     2  startup_tm4c123.o(.text)
    PWM0_2_Handler                           0x0000044b   Thumb Code     2  startup_tm4c123.o(.text)
    QEI0_Handler                             0x0000044d   Thumb Code     2  startup_tm4c123.o(.text)
    ADC0SS0_Handler                          0x0000044f   Thumb Code     2  startup_tm4c123.o(.text)
    ADC0SS1_Handler                          0x00000451   Thumb Code     2  startup_tm4c123.o(.text)
    ADC0SS2_Handler                          0x00000453   Thumb Code     2  startup_tm4c123.o(.text)
    ADC0SS3_Handler                          0x00000455   Thumb Code     2  startup_tm4c123.o(.text)
    WDT0_Handler                             0x00000457   Thumb Code     2  startup_tm4c123.o(.text)
    TIMER0A_Handler                          0x00000459   Thumb Code     2  startup_tm4c123.o(.text)
    TIMER0B_Handler                          0x0000045b   Thumb Code     2  startup_tm4c123.o(.text)
    TIMER1A_Handler                          0x0000045d   Thumb Code     2  startup_tm4c123.o(.text)
    TIMER1B_Handler                          0x0000045f   Thumb Code     2  startup_tm4c123.o(.text)
    TIMER2A_Handler                          0x00000461   Thumb Code     2  startup_tm4c123.o(.text)
    TIMER2B_Handler                          0x00000463   Thumb Code     2  startup_tm4c123.o(.text)
    COMP0_Handler                            0x00000465   Thumb Code     2  startup_tm4c123.o(.text)
    COMP1_Handler                            0x00000467   Thumb Code     2  startup_tm4c123.o(.text)
    COMP2_Handler                            0x00000469   Thumb Code     2  startup_tm4c123.o(.text)
    SYSCTL_Handler                           0x0000046b   Thumb Code     2  startup_tm4c123.o(.text)
    FLASH_Handler                            0x0000046d   Thumb Code     2  startup_tm4c123.o(.text)
    GPIOF_Handler                            0x0000046f   Thumb Code     2  startup_tm4c123.o(.text)
    GPIOG_Handler                            0x00000471   Thumb Code     2  startup_tm4c123.o(.text)
    GPIOH_Handler                            0x00000473   Thumb Code     2  startup_tm4c123.o(.text)
    UART2_Handler                            0x00000475   Thumb Code     2  startup_tm4c123.o(.text)
    SSI1_Handler                             0x00000477   Thumb Code     2  startup_tm4c123.o(.text)
    TIMER3A_Handler                          0x00000479   Thumb Code     2  startup_tm4c123.o(.text)
    TIMER3B_Handler                          0x0000047b   Thumb Code     2  startup_tm4c123.o(.text)
    I2C1_Handler                             0x0000047d   Thumb Code     2  startup_tm4c123.o(.text)
    QEI1_Handler                             0x0000047f   Thumb Code     2  startup_tm4c123.o(.text)
    CAN0_Handler                             0x00000481   Thumb Code     2  startup_tm4c123.o(.text)
    CAN1_Handler                             0x00000483   Thumb Code     2  startup_tm4c123.o(.text)
    CAN2_Handler                             0x00000485   Thumb Code     2  startup_tm4c123.o(.text)
    HIB_Handler                              0x00000487   Thumb Code     2  startup_tm4c123.o(.text)
    USB0_Handler                             0x00000489   Thumb Code     2  startup_tm4c123.o(.text)
    PWM0_3_Handler                           0x0000048b   Thumb Code     2  startup_tm4c123.o(.text)
    UDMA_Handler                             0x0000048d   Thumb Code     2  startup_tm4c123.o(.text)
    UDMAERR_Handler                          0x0000048f   Thumb Code     2  startup_tm4c123.o(.text)
    ADC1SS0_Handler                          0x00000491   Thumb Code     2  startup_tm4c123.o(.text)
    ADC1SS1_Handler                          0x00000493   Thumb Code     2  startup_tm4c123.o(.text)
    ADC1SS2_Handler                          0x00000495   Thumb Code     2  startup_tm4c123.o(.text)
    ADC1SS3_Handler                          0x00000497   Thumb Code     2  startup_tm4c123.o(.text)
    GPIOJ_Handler                            0x00000499   Thumb Code     2  startup_tm4c123.o(.text)
    GPIOK_Handler                            0x0000049b   Thumb Code     2  startup_tm4c123.o(.text)
    GPIOL_Handler                            0x0000049d   Thumb Code     2  startup_tm4c123.o(.text)
    SSI2_Handler                             0x0000049f   Thumb Code     2  startup_tm4c123.o(.text)
    SSI3_Handler                             0x000004a1   Thumb Code     2  startup_tm4c123.o(.text)
    UART3_Handler                            0x000004a3   Thumb Code     2  startup_tm4c123.o(.text)
    UART4_Handler                            0x000004a5   Thumb Code     2  startup_tm4c123.o(.text)
    UART5_Handler                            0x000004a7   Thumb Code     2  startup_tm4c123.o(.text)
    UART6_Handler                            0x000004a9   Thumb Code     2  startup_tm4c123.o(.text)
    UART7_Handler                            0x000004ab   Thumb Code     2  startup_tm4c123.o(.text)
    I2C2_Handler                             0x000004ad   Thumb Code     2  startup_tm4c123.o(.text)
    I2C3_Handler                             0x000004af   Thumb Code     2  startup_tm4c123.o(.text)
    TIMER4A_Handler                          0x000004b1   Thumb Code     2  startup_tm4c123.o(.text)
    TIMER4B_Handler                          0x000004b3   Thumb Code     2  startup_tm4c123.o(.text)
    TIMER5A_Handler                          0x000004b5   Thumb Code     2  startup_tm4c123.o(.text)
    TIMER5B_Handler                          0x000004b7   Thumb Code     2  startup_tm4c123.o(.text)
    WTIMER0A_Handler                         0x000004b9   Thumb Code     2  startup_tm4c123.o(.text)
    WTIMER0B_Handler                         0x000004bb   Thumb Code     2  startup_tm4c123.o(.text)
    WTIMER1A_Handler                         0x000004bd   Thumb Code     2  startup_tm4c123.o(.text)
    WTIMER1B_Handler                         0x000004bf   Thumb Code     2  startup_tm4c123.o(.text)
    WTIMER2A_Handler                         0x000004c1   Thumb Code     2  startup_tm4c123.o(.text)
    WTIMER2B_Handler                         0x000004c3   Thumb Code     2  startup_tm4c123.o(.text)
    WTIMER3A_Handler                         0x000004c5   Thumb Code     2  startup_tm4c123.o(.text)
    WTIMER3B_Handler                         0x000004c7   Thumb Code     2  startup_tm4c123.o(.text)
    WTIMER4A_Handler                         0x000004c9   Thumb Code     2  startup_tm4c123.o(.text)
    WTIMER4B_Handler                         0x000004cb   Thumb Code     2  startup_tm4c123.o(.text)
    WTIMER5A_Handler                         0x000004cd   Thumb Code     2  startup_tm4c123.o(.text)
    WTIMER5B_Handler                         0x000004cf   Thumb Code     2  startup_tm4c123.o(.text)
    FPU_Handler                              0x000004d1   Thumb Code     2  startup_tm4c123.o(.text)
    I2C4_Handler                             0x000004d3   Thumb Code     2  startup_tm4c123.o(.text)
    I2C5_Handler                             0x000004d5   Thumb Code     2  startup_tm4c123.o(.text)
    GPIOM_Handler                            0x000004d7   Thumb Code     2  startup_tm4c123.o(.text)
    GPION_Handler                            0x000004d9   Thumb Code     2  startup_tm4c123.o(.text)
    QEI2_Handler                             0x000004db   Thumb Code     2  startup_tm4c123.o(.text)
    GPIOP0_Handler                           0x000004dd   Thumb Code     2  startup_tm4c123.o(.text)
    GPIOP1_Handler                           0x000004df   Thumb Code     2  startup_tm4c123.o(.text)
    GPIOP2_Handler                           0x000004e1   Thumb Code     2  startup_tm4c123.o(.text)
    GPIOP3_Handler                           0x000004e3   Thumb Code     2  startup_tm4c123.o(.text)
    GPIOP4_Handler                           0x000004e5   Thumb Code     2  startup_tm4c123.o(.text)
    GPIOP5_Handler                           0x000004e7   Thumb Code     2  startup_tm4c123.o(.text)
    GPIOP6_Handler                           0x000004e9   Thumb Code     2  startup_tm4c123.o(.text)
    GPIOP7_Handler                           0x000004eb   Thumb Code     2  startup_tm4c123.o(.text)
    GPIOQ0_Handler                           0x000004ed   Thumb Code     2  startup_tm4c123.o(.text)
    GPIOQ1_Handler                           0x000004ef   Thumb Code     2  startup_tm4c123.o(.text)
    GPIOQ2_Handler                           0x000004f1   Thumb Code     2  startup_tm4c123.o(.text)
    GPIOQ3_Handler                           0x000004f3   Thumb Code     2  startup_tm4c123.o(.text)
    GPIOQ4_Handler                           0x000004f5   Thumb Code     2  startup_tm4c123.o(.text)
    GPIOQ5_Handler                           0x000004f7   Thumb Code     2  startup_tm4c123.o(.text)
    GPIOQ6_Handler                           0x000004f9   Thumb Code     2  startup_tm4c123.o(.text)
    GPIOQ7_Handler                           0x000004fb   Thumb Code     2  startup_tm4c123.o(.text)
    GPIOR_Handler                            0x000004fd   Thumb Code     2  startup_tm4c123.o(.text)
    GPIOS_Handler                            0x000004ff   Thumb Code     2  startup_tm4c123.o(.text)
    PMW1_0_Handler                           0x00000501   Thumb Code     2  startup_tm4c123.o(.text)
    PWM1_1_Handler                           0x00000503   Thumb Code     2  startup_tm4c123.o(.text)
    PWM1_2_Handler                           0x00000505   Thumb Code     2  startup_tm4c123.o(.text)
    PWM1_3_Handler                           0x00000507   Thumb Code     2  startup_tm4c123.o(.text)
    PWM1_FAULT_Handler                       0x00000509   Thumb Code     2  startup_tm4c123.o(.text)
    __user_initial_stackheap                 0x0000050d   Thumb Code     0  startup_tm4c123.o(.text)
    __2sprintf                               0x0000052d   Thumb Code    34  noretval__2sprintf.o(.text)
    __printf                                 0x00000555   Thumb Code   104  __printf.o(.text)
    _printf_str                              0x000005bd   Thumb Code    82  _printf_str.o(.text)
    _printf_int_dec                          0x00000611   Thumb Code   104  _printf_dec.o(.text)
    srand                                    0x00000689   Thumb Code    42  rand.o(.text)
    _rand_init                               0x000006b3   Thumb Code     4  rand.o(.text)
    qsort                                    0x000008a3   Thumb Code   134  qsortnoex.o(.text)
    strcpy                                   0x00000929   Thumb Code    72  strcpy.o(.text)
    strlen                                   0x00000971   Thumb Code    62  strlen.o(.text)
    __aeabi_memcpy                           0x000009af   Thumb Code     0  rt_memcpy_v6.o(.text)
    __rt_memcpy                              0x000009af   Thumb Code   138  rt_memcpy_v6.o(.text)
    _memcpy_lastbytes                        0x00000a15   Thumb Code     0  rt_memcpy_v6.o(.text)
    __aeabi_memset                           0x00000a39   Thumb Code    16  aeabi_memset.o(.text)
    __use_two_region_memory                  0x00000a49   Thumb Code     2  heapauxi.o(.text)
    __rt_heap_escrow$2region                 0x00000a4b   Thumb Code     2  heapauxi.o(.text)
    __rt_heap_expand$2region                 0x00000a4d   Thumb Code     2  heapauxi.o(.text)
    __read_errno                             0x00000a4f   Thumb Code    10  _rserrno.o(.text)
    __set_errno                              0x00000a59   Thumb Code    12  _rserrno.o(.text)
    _printf_int_common                       0x00000a65   Thumb Code   178  _printf_intcommon.o(.text)
    _printf_char_common                      0x00000b23   Thumb Code    32  _printf_char_common.o(.text)
    _sputc                                   0x00000b49   Thumb Code    10  _sputc.o(.text)
    _printf_cs_common                        0x00000b53   Thumb Code    20  _printf_char.o(.text)
    _printf_char                             0x00000b67   Thumb Code    16  _printf_char.o(.text)
    _printf_string                           0x00000b77   Thumb Code     8  _printf_char.o(.text)
    __aeabi_memcpy4                          0x00000b7f   Thumb Code     0  rt_memcpy_w.o(.text)
    __aeabi_memcpy8                          0x00000b7f   Thumb Code     0  rt_memcpy_w.o(.text)
    __rt_memcpy_w                            0x00000b7f   Thumb Code   100  rt_memcpy_w.o(.text)
    _memcpy_lastbytes_aligned                0x00000bc7   Thumb Code     0  rt_memcpy_w.o(.text)
    __aeabi_memclr                           0x00000be3   Thumb Code     0  rt_memclr.o(.text)
    __rt_memclr                              0x00000be3   Thumb Code    68  rt_memclr.o(.text)
    _memset                                  0x00000be7   Thumb Code     0  rt_memclr.o(.text)
    __aeabi_errno_addr                       0x00000c29   Thumb Code     8  rt_errno_addr_intlibspace.o(.text)
    __errno$intlibspace                      0x00000c29   Thumb Code     0  rt_errno_addr_intlibspace.o(.text)
    __rt_errno_addr$intlibspace              0x00000c29   Thumb Code     0  rt_errno_addr_intlibspace.o(.text)
    __aeabi_memclr4                          0x00000c31   Thumb Code     0  rt_memclr_w.o(.text)
    __aeabi_memclr8                          0x00000c31   Thumb Code     0  rt_memclr_w.o(.text)
    __rt_memclr_w                            0x00000c31   Thumb Code    78  rt_memclr_w.o(.text)
    _memset_w                                0x00000c35   Thumb Code     0  rt_memclr_w.o(.text)
    __user_libspace                          0x00000c81   Thumb Code     8  libspace.o(.text)
    __user_perproc_libspace                  0x00000c81   Thumb Code     0  libspace.o(.text)
    __user_perthread_libspace                0x00000c81   Thumb Code     0  libspace.o(.text)
    __user_setup_stackheap                   0x00000c89   Thumb Code    74  sys_stackheap_outer.o(.text)
    exit                                     0x00000cd3   Thumb Code    18  exit.o(.text)
    __I$use$semihosting                      0x00000ce5   Thumb Code     0  use_no_semi.o(.text)
    __use_no_semihosting_swi                 0x00000ce5   Thumb Code     2  use_no_semi.o(.text)
    __semihosting_library_function           0x00000ce7   Thumb Code     0  indicate_semi.o(.text)
    _sys_exit                                0x00000ce9   Thumb Code     8  sys_exit.o(.text)
    SysCtlClockGet                           0x00000cf5   Thumb Code   304  sysctl.o(i.SysCtlClockGet)
    SysCtlPeripheralEnable                   0x00000e49   Thumb Code    36  sysctl.o(i.SysCtlPeripheralEnable)
    SysCtlPeripheralPresent                  0x00000e71   Thumb Code    40  sysctl.o(i.SysCtlPeripheralPresent)
    SysCtlPeripheralReady                    0x00000e9d   Thumb Code    40  sysctl.o(i.SysCtlPeripheralReady)
    SysTick_Handler                          0x00000ec9   Thumb Code    46  port.o(i.SysTick_Handler)
    SystemInit                               0x00000efd   Thumb Code   112  system_tm4c123.o(i.SystemInit)
    UARTCharPut                              0x00000f95   Thumb Code    12  uart.o(i.UARTCharPut)
    UARTConfigSetExpClk                      0x00000fa1   Thumb Code   110  uart.o(i.UARTConfigSetExpClk)
    UARTEnable                               0x0000100f   Thumb Code    20  uart.o(i.UARTEnable)
    UARTStdioConfig                          0x00001025   Thumb Code    68  uartstdio.o(i.UARTStdioConfig)
    UARTprintf                               0x00001075   Thumb Code    26  uartstdio.o(i.UARTprintf)
    UARTvprintf                              0x00001091   Thumb Code   574  uartstdio.o(i.UARTvprintf)
    UARTwrite                                0x000012e1   Thumb Code    46  uartstdio.o(i.UARTwrite)
    __ARM_fpclassify                         0x00001315   Thumb Code    48  fpclassify.o(i.__ARM_fpclassify)
    __hardfp_pow                             0x00001349   Thumb Code  3072  pow.o(i.__hardfp_pow)
    __kernel_poly                            0x00001f99   Thumb Code   248  poly.o(i.__kernel_poly)
    __mathlib_dbl_divzero                    0x00002091   Thumb Code    28  dunder.o(i.__mathlib_dbl_divzero)
    __mathlib_dbl_infnan2                    0x000020c1   Thumb Code    20  dunder.o(i.__mathlib_dbl_infnan2)
    __mathlib_dbl_invalid                    0x000020d9   Thumb Code    24  dunder.o(i.__mathlib_dbl_invalid)
    __mathlib_dbl_overflow                   0x000020f9   Thumb Code    24  dunder.o(i.__mathlib_dbl_overflow)
    __mathlib_dbl_underflow                  0x00002119   Thumb Code    24  dunder.o(i.__mathlib_dbl_underflow)
    assign_priorty                           0x00002139   Thumb Code    80  main.o(i.assign_priorty)
    cmp_arrival                              0x0000218d   Thumb Code    16  main.o(i.cmp_arrival)
    cmp_delete                               0x0000219d   Thumb Code    16  main.o(i.cmp_delete)
    cmp_period                               0x000021ad   Thumb Code    38  main.o(i.cmp_period)
    cpu_utilization                          0x000021d5   Thumb Code    58  main.o(i.cpu_utilization)
    createQueue                              0x00002215   Thumb Code    38  my_queue.o(i.createQueue)
    delete_task_data                         0x0000223b   Thumb Code    60  main.o(i.delete_task_data)
    dequeue                                  0x00002277   Thumb Code    50  my_queue.o(i.dequeue)
    eTaskConfirmSleepModeStatus              0x000022a9   Thumb Code    42  tasks.o(i.eTaskConfirmSleepModeStatus)
    eTaskGetState                            0x000022e5   Thumb Code   128  tasks.o(i.eTaskGetState)
    enqueue                                  0x00002379   Thumb Code    50  my_queue.o(i.enqueue)
    fabs                                     0x000023ab   Thumb Code    24  fabs.o(i.fabs)
    fix_task_priorities                      0x000023c3   Thumb Code    40  main.o(i.fix_task_priorities)
    float_split                              0x000023ed   Thumb Code   112  main.o(i.float_split)
    front                                    0x00002465   Thumb Code    26  my_queue.o(i.front)
    generate_task_data                       0x00002481   Thumb Code   184  main.o(i.generate_task_data)
    isEmpty                                  0x00002541   Thumb Code    14  my_queue.o(i.isEmpty)
    isFull                                   0x0000254f   Thumb Code    18  my_queue.o(i.isFull)
    main                                     0x00002561   Thumb Code   410  main.o(i.main)
    monotonic_scheduler                      0x000027a9   Thumb Code   184  main.o(i.monotonic_scheduler)
    ports_init                               0x0000288d   Thumb Code    66  main.o(i.ports_init)
    print_data                               0x000028dd   Thumb Code    54  main.o(i.print_data)
    print_data_array                         0x00002991   Thumb Code    38  main.o(i.print_data_array)
    print_task_list                          0x000029d9   Thumb Code    68  main.o(i.print_task_list)
    process_event                            0x00002ab1   Thumb Code    54  main.o(i.process_event)
    pvPortMalloc                             0x00003699   Thumb Code   166  heap_2.o(i.pvPortMalloc)
    pxPortInitialiseStack                    0x00003751   Thumb Code    38  port.o(i.pxPortInitialiseStack)
    rand_range                               0x0000377d   Thumb Code    26  main.o(i.rand_range)
    sqrt                                     0x00003811   Thumb Code   110  sqrt.o(i.sqrt)
    uart_init                                0x00003881   Thumb Code    60  main.o(i.uart_init)
    uxListRemove                             0x000038c5   Thumb Code    40  list.o(i.uxListRemove)
    uxTaskGetNumberOfTasks                   0x000038ed   Thumb Code     6  tasks.o(i.uxTaskGetNumberOfTasks)
    uxTaskGetSystemState                     0x000038f9   Thumb Code   152  tasks.o(i.uxTaskGetSystemState)
    vApplicationIdleHook                     0x000039a9   Thumb Code     2  main.o(i.vApplicationIdleHook)
    vListInitialise                          0x000039ab   Thumb Code    26  list.o(i.vListInitialise)
    vListInitialiseItem                      0x000039c5   Thumb Code     6  list.o(i.vListInitialiseItem)
    vListInsert                              0x000039cb   Thumb Code    52  list.o(i.vListInsert)
    vListInsertEnd                           0x000039ff   Thumb Code    24  list.o(i.vListInsertEnd)
    vPortEnterCritical                       0x00003a19   Thumb Code    76  port.o(i.vPortEnterCritical)
    vPortExitCritical                        0x00003a6d   Thumb Code    56  port.o(i.vPortExitCritical)
    vPortFree                                0x00003aa9   Thumb Code    56  heap_2.o(i.vPortFree)
    vPortSetupTimerInterrupt                 0x00003ae9   Thumb Code    86  port.o(i.vPortSetupTimerInterrupt)
    vPortSuppressTicksAndSleep               0x00003b51   Thumb Code   320  port.o(i.vPortSuppressTicksAndSleep)
    vPortValidateInterruptPriority           0x00003c9d   Thumb Code   106  port.o(i.vPortValidateInterruptPriority)
    vQueueWaitForMessageRestricted           0x00003d15   Thumb Code    74  queue_1.o(i.vQueueWaitForMessageRestricted)
    vTaskDelay                               0x00003d61   Thumb Code    82  tasks.o(i.vTaskDelay)
    vTaskDelayUntil                          0x00003dbd   Thumb Code   200  tasks.o(i.vTaskDelayUntil)
    vTaskDelete                              0x00003e91   Thumb Code   202  tasks.o(i.vTaskDelete)
    vTaskGetInfo                             0x00003f85   Thumb Code   126  tasks.o(i.vTaskGetInfo)
    vTaskInternalSetTimeOutState             0x00004009   Thumb Code    14  tasks.o(i.vTaskInternalSetTimeOutState)
    vTaskList                                0x00004021   Thumb Code   200  tasks.o(i.vTaskList)
    vTaskMissedYield                         0x000040fd   Thumb Code     8  tasks.o(i.vTaskMissedYield)
    vTaskPlaceOnEventList                    0x00004109   Thumb Code    52  tasks.o(i.vTaskPlaceOnEventList)
    vTaskPlaceOnEventListRestricted          0x00004141   Thumb Code    60  tasks.o(i.vTaskPlaceOnEventListRestricted)
    vTaskPrioritySet                         0x00004181   Thumb Code   260  tasks.o(i.vTaskPrioritySet)
    vTaskResume                              0x00004295   Thumb Code   128  tasks.o(i.vTaskResume)
    vTaskStartScheduler                      0x00004325   Thumb Code   118  tasks.o(i.vTaskStartScheduler)
    vTaskStepTick                            0x000043b9   Thumb Code    56  tasks.o(i.vTaskStepTick)
    vTaskSuspend                             0x000043f9   Thumb Code   210  tasks.o(i.vTaskSuspend)
    vTaskSuspendAll                          0x000044ed   Thumb Code    12  tasks.o(i.vTaskSuspendAll)
    vTaskSwitchContext                       0x000044fd   Thumb Code   118  tasks.o(i.vTaskSwitchContext)
    wait_1ms                                 0x00004589   Thumb Code    22  main.o(i.wait_1ms)
    xPortStartScheduler                      0x000045a1   Thumb Code   330  port.o(i.xPortStartScheduler)
    xQueueGenericCreate                      0x00004709   Thumb Code    90  queue_1.o(i.xQueueGenericCreate)
    xQueueGenericReset                       0x00004765   Thumb Code   146  queue_1.o(i.xQueueGenericReset)
    xQueueGenericSend                        0x000047fd   Thumb Code   468  queue_1.o(i.xQueueGenericSend)
    xQueueGenericSendFromISR                 0x000049d5   Thumb Code   264  queue_1.o(i.xQueueGenericSendFromISR)
    xQueueReceive                            0x00004add   Thumb Code   356  queue_1.o(i.xQueueReceive)
    xTaskCheckForTimeOut                     0x00004c45   Thumb Code   156  tasks.o(i.xTaskCheckForTimeOut)
    xTaskCreate                              0x00004ced   Thumb Code    96  tasks.o(i.xTaskCreate)
    xTaskGetSchedulerState                   0x00004d4d   Thumb Code    24  tasks.o(i.xTaskGetSchedulerState)
    xTaskGetTickCount                        0x00004d6d   Thumb Code     6  tasks.o(i.xTaskGetTickCount)
    xTaskIncrementTick                       0x00004d79   Thumb Code   282  tasks.o(i.xTaskIncrementTick)
    xTaskPriorityDisinherit                  0x00004ec1   Thumb Code   188  tasks.o(i.xTaskPriorityDisinherit)
    xTaskRemoveFromEventList                 0x00004f89   Thumb Code   132  tasks.o(i.xTaskRemoveFromEventList)
    xTaskResumeAll                           0x00005025   Thumb Code   224  tasks.o(i.xTaskResumeAll)
    xTimerCreateTimerTask                    0x00005129   Thumb Code    64  timers.o(i.xTimerCreateTimerTask)
    xTimerGenericCommand                     0x0000517d   Thumb Code   128  timers.o(i.xTimerGenericCommand)
    __aeabi_dneg                             0x00005201   Thumb Code     0  basic.o(x$fpl$basic)
    _dneg                                    0x00005201   Thumb Code     6  basic.o(x$fpl$basic)
    __aeabi_fneg                             0x00005207   Thumb Code     0  basic.o(x$fpl$basic)
    _fneg                                    0x00005207   Thumb Code     6  basic.o(x$fpl$basic)
    _dabs                                    0x0000520d   Thumb Code     6  basic.o(x$fpl$basic)
    _fabs                                    0x00005213   Thumb Code     6  basic.o(x$fpl$basic)
    __aeabi_dadd                             0x00005219   Thumb Code     0  daddsub_clz.o(x$fpl$dadd)
    _dadd                                    0x00005219   Thumb Code   332  daddsub_clz.o(x$fpl$dadd)
    __fpl_dcheck_NaN1                        0x00005369   Thumb Code    10  dcheck1.o(x$fpl$dcheck1)
    __fpl_dcmp_Inf                           0x00005379   Thumb Code    24  dcmpi.o(x$fpl$dcmpinf)
    __aeabi_ddiv                             0x00005391   Thumb Code     0  ddiv.o(x$fpl$ddiv)
    _ddiv                                    0x00005391   Thumb Code   552  ddiv.o(x$fpl$ddiv)
    __aeabi_d2iz                             0x00005641   Thumb Code     0  dfix.o(x$fpl$dfix)
    _dfix                                    0x00005641   Thumb Code    94  dfix.o(x$fpl$dfix)
    __aeabi_i2d                              0x0000569f   Thumb Code     0  dflt_clz.o(x$fpl$dflt)
    _dflt                                    0x0000569f   Thumb Code    46  dflt_clz.o(x$fpl$dflt)
    __aeabi_cdcmple                          0x000056cd   Thumb Code     0  dleqf.o(x$fpl$dleqf)
    _dcmple                                  0x000056cd   Thumb Code   120  dleqf.o(x$fpl$dleqf)
    __fpl_dcmple_InfNaN                      0x0000572f   Thumb Code     0  dleqf.o(x$fpl$dleqf)
    __aeabi_dmul                             0x00005745   Thumb Code     0  dmul.o(x$fpl$dmul)
    _dmul                                    0x00005745   Thumb Code   332  dmul.o(x$fpl$dmul)
    __fpl_dnaninf                            0x00005899   Thumb Code   156  dnaninf.o(x$fpl$dnaninf)
    __fpl_dretinf                            0x00005935   Thumb Code    12  dretinf.o(x$fpl$dretinf)
    __aeabi_cdrcmple                         0x00005941   Thumb Code     0  drleqf.o(x$fpl$drleqf)
    _drcmple                                 0x00005941   Thumb Code   108  drleqf.o(x$fpl$drleqf)
    __aeabi_drsub                            0x000059ad   Thumb Code     0  daddsub_clz.o(x$fpl$drsb)
    _drsb                                    0x000059ad   Thumb Code    22  daddsub_clz.o(x$fpl$drsb)
    _dsqrt                                   0x000059c5   Thumb Code   404  dsqrt_umaal.o(x$fpl$dsqrt)
    __aeabi_dsub                             0x00005b5d   Thumb Code     0  daddsub_clz.o(x$fpl$dsub)
    _dsub                                    0x00005b5d   Thumb Code   464  daddsub_clz.o(x$fpl$dsub)
    __aeabi_f2d                              0x00005d31   Thumb Code     0  f2d.o(x$fpl$f2d)
    _f2d                                     0x00005d31   Thumb Code    86  f2d.o(x$fpl$f2d)
    __fpl_fnaninf                            0x00005d87   Thumb Code   140  fnaninf.o(x$fpl$fnaninf)
    _fp_init                                 0x00005e13   Thumb Code    10  fpinit.o(x$fpl$fpinit)
    __fplib_config_fpu_vfp                   0x00005e1b   Thumb Code     0  fpinit.o(x$fpl$fpinit)
    __fplib_config_pureend_doubles           0x00005e1b   Thumb Code     0  fpinit.o(x$fpl$fpinit)
    __fpl_return_NaN                         0x00005e1d   Thumb Code   100  retnan.o(x$fpl$retnan)
    __ARM_scalbn                             0x00005e81   Thumb Code    92  scalbn.o(x$fpl$scalbn)
    __fpl_cmpreturn                          0x00005edd   Thumb Code    48  trapv.o(x$fpl$trapveneer)
    __I$use$fp                               0x00005f0c   Number         0  usenofp.o(x$fpl$usenofp)
    __mathlib_zero                           0x00006210   Data           8  qnan.o(.constdata)
    Region$$Table$$Base                      0x0000622c   Number         0  anon$$obj.o(Region$$Table)
    Region$$Table$$Limit                     0x0000624c   Number         0  anon$$obj.o(Region$$Table)
    SystemCoreClock                          0x20000008   Data           4  system_tm4c123.o(.data)
    pxCurrentTCB                             0x2000003c   Data           4  tasks.o(.data)
    _random_number_data                      0x200021e0   Data         228  rand.o(.bss)
    __libspace_start                         0x200022c4   Data          96  libspace.o(.bss)
    __temporary_stack_top$libspace           0x20002324   Data           0  libspace.o(.bss)



==============================================================================

Memory Map of the image

  Image Entry point : 0x00000419

  Load Region LR_1 (Base: 0x00000000, Size: 0x000062d8, Max: 0xffffffff, ABSOLUTE)

    Execution Region ER_RO (Exec base: 0x00000000, Load base: 0x00000000, Size: 0x0000624c, Max: 0xffffffff, ABSOLUTE)

    Exec Addr    Load Addr    Size         Type   Attr      Idx    E Section Name        Object

    0x00000000   0x00000000   0x0000026c   Data   RO          367    RESET               startup_tm4c123.o
    0x0000026c   0x0000026c   0x00000008   Code   RO         2305  * !!!main             c_w.l(__main.o)
    0x00000274   0x00000274   0x00000034   Code   RO         2586    !!!scatter          c_w.l(__scatter.o)
    0x000002a8   0x000002a8   0x0000001a   Code   RO         2588    !!handler_copy      c_w.l(__scatter_copy.o)
    0x000002c2   0x000002c2   0x00000002   PAD
    0x000002c4   0x000002c4   0x0000001c   Code   RO         2590    !!handler_zi        c_w.l(__scatter_zi.o)
    0x000002e0   0x000002e0   0x00000000   Code   RO         2287    .ARM.Collect$$_printf_percent$$00000000  c_w.l(_printf_percent.o)
    0x000002e0   0x000002e0   0x00000006   Code   RO         2285    .ARM.Collect$$_printf_percent$$00000009  c_w.l(_printf_d.o)
    0x000002e6   0x000002e6   0x00000006   Code   RO         2286    .ARM.Collect$$_printf_percent$$0000000A  c_w.l(_printf_u.o)
    0x000002ec   0x000002ec   0x00000006   Code   RO         2284    .ARM.Collect$$_printf_percent$$00000013  c_w.l(_printf_c.o)
    0x000002f2   0x000002f2   0x00000004   Code   RO         2346    .ARM.Collect$$_printf_percent$$00000017  c_w.l(_printf_percent_end.o)
    0x000002f6   0x000002f6   0x00000002   Code   RO         2508    .ARM.Collect$$libinit$$00000000  c_w.l(libinit.o)
    0x000002f8   0x000002f8   0x00000004   Code   RO         2351    .ARM.Collect$$libinit$$00000001  c_w.l(libinit2.o)
    0x000002fc   0x000002fc   0x00000000   Code   RO         2354    .ARM.Collect$$libinit$$00000004  c_w.l(libinit2.o)
    0x000002fc   0x000002fc   0x00000000   Code   RO         2357    .ARM.Collect$$libinit$$0000000A  c_w.l(libinit2.o)
    0x000002fc   0x000002fc   0x00000000   Code   RO         2359    .ARM.Collect$$libinit$$0000000C  c_w.l(libinit2.o)
    0x000002fc   0x000002fc   0x00000004   Code   RO         2360    .ARM.Collect$$libinit$$0000000D  c_w.l(libinit2.o)
    0x00000300   0x00000300   0x00000000   Code   RO         2361    .ARM.Collect$$libinit$$0000000E  c_w.l(libinit2.o)
    0x00000300   0x00000300   0x00000000   Code   RO         2364    .ARM.Collect$$libinit$$00000011  c_w.l(libinit2.o)
    0x00000300   0x00000300   0x00000000   Code   RO         2366    .ARM.Collect$$libinit$$00000013  c_w.l(libinit2.o)
    0x00000300   0x00000300   0x00000000   Code   RO         2368    .ARM.Collect$$libinit$$00000015  c_w.l(libinit2.o)
    0x00000300   0x00000300   0x00000000   Code   RO         2370    .ARM.Collect$$libinit$$00000017  c_w.l(libinit2.o)
    0x00000300   0x00000300   0x00000000   Code   RO         2372    .ARM.Collect$$libinit$$00000019  c_w.l(libinit2.o)
    0x00000300   0x00000300   0x00000000   Code   RO         2374    .ARM.Collect$$libinit$$0000001B  c_w.l(libinit2.o)
    0x00000300   0x00000300   0x00000000   Code   RO         2376    .ARM.Collect$$libinit$$0000001D  c_w.l(libinit2.o)
    0x00000300   0x00000300   0x00000000   Code   RO         2378    .ARM.Collect$$libinit$$0000001F  c_w.l(libinit2.o)
    0x00000300   0x00000300   0x00000000   Code   RO         2380    .ARM.Collect$$libinit$$00000021  c_w.l(libinit2.o)
    0x00000300   0x00000300   0x00000000   Code   RO         2382    .ARM.Collect$$libinit$$00000023  c_w.l(libinit2.o)
    0x00000300   0x00000300   0x00000000   Code   RO         2384    .ARM.Collect$$libinit$$00000025  c_w.l(libinit2.o)
    0x00000300   0x00000300   0x00000000   Code   RO         2388    .ARM.Collect$$libinit$$0000002C  c_w.l(libinit2.o)
    0x00000300   0x00000300   0x00000000   Code   RO         2390    .ARM.Collect$$libinit$$0000002E  c_w.l(libinit2.o)
    0x00000300   0x00000300   0x00000000   Code   RO         2392    .ARM.Collect$$libinit$$00000030  c_w.l(libinit2.o)
    0x00000300   0x00000300   0x00000000   Code   RO         2394    .ARM.Collect$$libinit$$00000032  c_w.l(libinit2.o)
    0x00000300   0x00000300   0x00000002   Code   RO         2395    .ARM.Collect$$libinit$$00000033  c_w.l(libinit2.o)
    0x00000302   0x00000302   0x00000002   Code   RO         2547    .ARM.Collect$$libshutdown$$00000000  c_w.l(libshutdown.o)
    0x00000304   0x00000304   0x00000000   Code   RO         2553    .ARM.Collect$$libshutdown$$00000002  c_w.l(libshutdown2.o)
    0x00000304   0x00000304   0x00000000   Code   RO         2555    .ARM.Collect$$libshutdown$$00000004  c_w.l(libshutdown2.o)
    0x00000304   0x00000304   0x00000000   Code   RO         2558    .ARM.Collect$$libshutdown$$00000007  c_w.l(libshutdown2.o)
    0x00000304   0x00000304   0x00000000   Code   RO         2561    .ARM.Collect$$libshutdown$$0000000A  c_w.l(libshutdown2.o)
    0x00000304   0x00000304   0x00000000   Code   RO         2563    .ARM.Collect$$libshutdown$$0000000C  c_w.l(libshutdown2.o)
    0x00000304   0x00000304   0x00000000   Code   RO         2566    .ARM.Collect$$libshutdown$$0000000F  c_w.l(libshutdown2.o)
    0x00000304   0x00000304   0x00000002   Code   RO         2567    .ARM.Collect$$libshutdown$$00000010  c_w.l(libshutdown2.o)
    0x00000306   0x00000306   0x00000000   Code   RO         2335    .ARM.Collect$$rtentry$$00000000  c_w.l(__rtentry.o)
    0x00000306   0x00000306   0x00000000   Code   RO         2461    .ARM.Collect$$rtentry$$00000002  c_w.l(__rtentry2.o)
    0x00000306   0x00000306   0x00000006   Code   RO         2473    .ARM.Collect$$rtentry$$00000004  c_w.l(__rtentry4.o)
    0x0000030c   0x0000030c   0x00000000   Code   RO         2463    .ARM.Collect$$rtentry$$00000009  c_w.l(__rtentry2.o)
    0x0000030c   0x0000030c   0x00000004   Code   RO         2464    .ARM.Collect$$rtentry$$0000000A  c_w.l(__rtentry2.o)
    0x00000310   0x00000310   0x00000000   Code   RO         2466    .ARM.Collect$$rtentry$$0000000C  c_w.l(__rtentry2.o)
    0x00000310   0x00000310   0x00000008   Code   RO         2467    .ARM.Collect$$rtentry$$0000000D  c_w.l(__rtentry2.o)
    0x00000318   0x00000318   0x00000002   Code   RO         2513    .ARM.Collect$$rtexit$$00000000  c_w.l(rtexit.o)
    0x0000031a   0x0000031a   0x00000000   Code   RO         2527    .ARM.Collect$$rtexit$$00000002  c_w.l(rtexit2.o)
    0x0000031a   0x0000031a   0x00000004   Code   RO         2528    .ARM.Collect$$rtexit$$00000003  c_w.l(rtexit2.o)
    0x0000031e   0x0000031e   0x00000006   Code   RO         2529    .ARM.Collect$$rtexit$$00000004  c_w.l(rtexit2.o)
    0x00000324   0x00000324   0x000000be   Code   RO          540    .emb_text           port.o
    0x000003e2   0x000003e2   0x00000002   PAD
    0x000003e4   0x000003e4   0x00000034   Code   RO         2288    .emb_text           c_w.l(rand.o)
    0x00000418   0x00000418   0x00000114   Code   RO          368  * .text               startup_tm4c123.o
    0x0000052c   0x0000052c   0x00000028   Code   RO         2256    .text               c_w.l(noretval__2sprintf.o)
    0x00000554   0x00000554   0x00000068   Code   RO         2258    .text               c_w.l(__printf.o)
    0x000005bc   0x000005bc   0x00000052   Code   RO         2260    .text               c_w.l(_printf_str.o)
    0x0000060e   0x0000060e   0x00000002   PAD
    0x00000610   0x00000610   0x00000078   Code   RO         2262    .text               c_w.l(_printf_dec.o)
    0x00000688   0x00000688   0x0000003c   Code   RO         2289    .text               c_w.l(rand.o)
    0x000006c4   0x000006c4   0x00000264   Code   RO         2293    .text               c_w.l(qsortnoex.o)
    0x00000928   0x00000928   0x00000048   Code   RO         2295    .text               c_w.l(strcpy.o)
    0x00000970   0x00000970   0x0000003e   Code   RO         2297    .text               c_w.l(strlen.o)
    0x000009ae   0x000009ae   0x0000008a   Code   RO         2299    .text               c_w.l(rt_memcpy_v6.o)
    0x00000a38   0x00000a38   0x00000010   Code   RO         2301    .text               c_w.l(aeabi_memset.o)
    0x00000a48   0x00000a48   0x00000006   Code   RO         2303    .text               c_w.l(heapauxi.o)
    0x00000a4e   0x00000a4e   0x00000016   Code   RO         2336    .text               c_w.l(_rserrno.o)
    0x00000a64   0x00000a64   0x000000b2   Code   RO         2338    .text               c_w.l(_printf_intcommon.o)
    0x00000b16   0x00000b16   0x00000002   PAD
    0x00000b18   0x00000b18   0x00000030   Code   RO         2340    .text               c_w.l(_printf_char_common.o)
    0x00000b48   0x00000b48   0x0000000a   Code   RO         2342    .text               c_w.l(_sputc.o)
    0x00000b52   0x00000b52   0x0000002c   Code   RO         2344    .text               c_w.l(_printf_char.o)
    0x00000b7e   0x00000b7e   0x00000064   Code   RO         2347    .text               c_w.l(rt_memcpy_w.o)
    0x00000be2   0x00000be2   0x00000044   Code   RO         2349    .text               c_w.l(rt_memclr.o)
    0x00000c26   0x00000c26   0x00000002   PAD
    0x00000c28   0x00000c28   0x00000008   Code   RO         2478    .text               c_w.l(rt_errno_addr_intlibspace.o)
    0x00000c30   0x00000c30   0x0000004e   Code   RO         2482    .text               c_w.l(rt_memclr_w.o)
    0x00000c7e   0x00000c7e   0x00000002   PAD
    0x00000c80   0x00000c80   0x00000008   Code   RO         2492    .text               c_w.l(libspace.o)
    0x00000c88   0x00000c88   0x0000004a   Code   RO         2495    .text               c_w.l(sys_stackheap_outer.o)
    0x00000cd2   0x00000cd2   0x00000012   Code   RO         2497    .text               c_w.l(exit.o)
    0x00000ce4   0x00000ce4   0x00000002   Code   RO         2523    .text               c_w.l(use_no_semi.o)
    0x00000ce6   0x00000ce6   0x00000000   Code   RO         2525    .text               c_w.l(indicate_semi.o)
    0x00000ce6   0x00000ce6   0x00000002   PAD
    0x00000ce8   0x00000ce8   0x0000000c   Code   RO         2539    .text               c_w.l(sys_exit.o)
    0x00000cf4   0x00000cf4   0x00000154   Code   RO         1462    i.SysCtlClockGet    driverlib.lib(sysctl.o)
    0x00000e48   0x00000e48   0x00000028   Code   RO         1493    i.SysCtlPeripheralEnable  driverlib.lib(sysctl.o)
    0x00000e70   0x00000e70   0x0000002c   Code   RO         1496    i.SysCtlPeripheralPresent  driverlib.lib(sysctl.o)
    0x00000e9c   0x00000e9c   0x0000002c   Code   RO         1497    i.SysCtlPeripheralReady  driverlib.lib(sysctl.o)
    0x00000ec8   0x00000ec8   0x00000034   Code   RO          541    i.SysTick_Handler   port.o
    0x00000efc   0x00000efc   0x00000098   Code   RO          377    i.SystemInit        system_tm4c123.o
    0x00000f94   0x00000f94   0x0000000c   Code   RO         1842    i.UARTCharPut       driverlib.lib(uart.o)
    0x00000fa0   0x00000fa0   0x0000006e   Code   RO         1848    i.UARTConfigSetExpClk  driverlib.lib(uart.o)
    0x0000100e   0x0000100e   0x00000014   Code   RO         1853    i.UARTEnable        driverlib.lib(uart.o)
    0x00001022   0x00001022   0x00000002   PAD
    0x00001024   0x00001024   0x00000050   Code   RO          286    i.UARTStdioConfig   uartstdio.o
    0x00001074   0x00001074   0x0000001a   Code   RO          289    i.UARTprintf        uartstdio.o
    0x0000108e   0x0000108e   0x00000002   PAD
    0x00001090   0x00001090   0x00000250   Code   RO          290    i.UARTvprintf       uartstdio.o
    0x000012e0   0x000012e0   0x00000034   Code   RO          291    i.UARTwrite         uartstdio.o
    0x00001314   0x00001314   0x00000030   Code   RO         2443    i.__ARM_fpclassify  m_wm.l(fpclassify.o)
    0x00001344   0x00001344   0x00000004   PAD
    0x00001348   0x00001348   0x00000c50   Code   RO         2321    i.__hardfp_pow      m_wm.l(pow.o)
    0x00001f98   0x00001f98   0x000000f8   Code   RO         2445    i.__kernel_poly     m_wm.l(poly.o)
    0x00002090   0x00002090   0x00000030   Code   RO         2423    i.__mathlib_dbl_divzero  m_wm.l(dunder.o)
    0x000020c0   0x000020c0   0x00000014   Code   RO         2425    i.__mathlib_dbl_infnan2  m_wm.l(dunder.o)
    0x000020d4   0x000020d4   0x00000004   PAD
    0x000020d8   0x000020d8   0x00000020   Code   RO         2426    i.__mathlib_dbl_invalid  m_wm.l(dunder.o)
    0x000020f8   0x000020f8   0x00000020   Code   RO         2427    i.__mathlib_dbl_overflow  m_wm.l(dunder.o)
    0x00002118   0x00002118   0x00000020   Code   RO         2429    i.__mathlib_dbl_underflow  m_wm.l(dunder.o)
    0x00002138   0x00002138   0x00000054   Code   RO            1    i.assign_priorty    main.o
    0x0000218c   0x0000218c   0x00000010   Code   RO            2    i.cmp_arrival       main.o
    0x0000219c   0x0000219c   0x00000010   Code   RO            3    i.cmp_delete        main.o
    0x000021ac   0x000021ac   0x00000026   Code   RO            4    i.cmp_period        main.o
    0x000021d2   0x000021d2   0x00000002   PAD
    0x000021d4   0x000021d4   0x00000040   Code   RO            5    i.cpu_utilization   main.o
    0x00002214   0x00002214   0x00000026   Code   RO          228    i.createQueue       my_queue.o
    0x0000223a   0x0000223a   0x0000003c   Code   RO            6    i.delete_task_data  main.o
    0x00002276   0x00002276   0x00000032   Code   RO          229    i.dequeue           my_queue.o
    0x000022a8   0x000022a8   0x0000003c   Code   RO          875    i.eTaskConfirmSleepModeStatus  tasks.o
    0x000022e4   0x000022e4   0x00000094   Code   RO          876    i.eTaskGetState     tasks.o
    0x00002378   0x00002378   0x00000032   Code   RO          230    i.enqueue           my_queue.o
    0x000023aa   0x000023aa   0x00000018   Code   RO         2439    i.fabs              m_wm.l(fabs.o)
    0x000023c2   0x000023c2   0x00000028   Code   RO            7    i.fix_task_priorities  main.o
    0x000023ea   0x000023ea   0x00000002   PAD
    0x000023ec   0x000023ec   0x00000078   Code   RO            8    i.float_split       main.o
    0x00002464   0x00002464   0x0000001a   Code   RO          231    i.front             my_queue.o
    0x0000247e   0x0000247e   0x00000002   PAD
    0x00002480   0x00002480   0x000000c0   Code   RO            9    i.generate_task_data  main.o
    0x00002540   0x00002540   0x0000000e   Code   RO          232    i.isEmpty           my_queue.o
    0x0000254e   0x0000254e   0x00000012   Code   RO          233    i.isFull            my_queue.o
    0x00002560   0x00002560   0x00000248   Code   RO           10    i.main              main.o
    0x000027a8   0x000027a8   0x000000e4   Code   RO           11    i.monotonic_scheduler  main.o
    0x0000288c   0x0000288c   0x00000050   Code   RO           12    i.ports_init        main.o
    0x000028dc   0x000028dc   0x000000b4   Code   RO           13    i.print_data        main.o
    0x00002990   0x00002990   0x00000048   Code   RO           14    i.print_data_array  main.o
    0x000029d8   0x000029d8   0x000000d8   Code   RO           15    i.print_task_list   main.o
    0x00002ab0   0x00002ab0   0x00000054   Code   RO           16    i.process_event     main.o
    0x00002b04   0x00002b04   0x000000a4   Code   RO          878    i.prvAddCurrentTaskToDelayedList  tasks.o
    0x00002ba8   0x00002ba8   0x000000b8   Code   RO          879    i.prvAddNewTaskToReadyList  tasks.o
    0x00002c60   0x00002c60   0x0000004c   Code   RO         1296    i.prvCheckForValidListAndQueue  timers.o
    0x00002cac   0x00002cac   0x00000048   Code   RO          880    i.prvCheckTasksWaitingTermination  tasks.o
    0x00002cf4   0x00002cf4   0x0000002a   Code   RO          623    i.prvCopyDataFromQueue  queue_1.o
    0x00002d1e   0x00002d1e   0x0000007e   Code   RO          624    i.prvCopyDataToQueue  queue_1.o
    0x00002d9c   0x00002d9c   0x00000012   Code   RO          881    i.prvDeleteTCB      tasks.o
    0x00002dae   0x00002dae   0x00000002   PAD
    0x00002db0   0x00002db0   0x0000004c   Code   RO          882    i.prvGetExpectedIdleTime  tasks.o
    0x00002dfc   0x00002dfc   0x00000028   Code   RO         1297    i.prvGetNextExpireTime  timers.o
    0x00002e24   0x00002e24   0x00000038   Code   RO          502    i.prvHeapInit       heap_2.o
    0x00002e5c   0x00002e5c   0x00000080   Code   RO          883    i.prvIdleTask       tasks.o
    0x00002edc   0x00002edc   0x0000002e   Code   RO          627    i.prvInitialiseNewQueue  queue_1.o
    0x00002f0a   0x00002f0a   0x000000c2   Code   RO          884    i.prvInitialiseNewTask  tasks.o
    0x00002fcc   0x00002fcc   0x00000068   Code   RO          885    i.prvInitialiseTaskLists  tasks.o
    0x00003034   0x00003034   0x00000058   Code   RO         1299    i.prvInsertTimerInActiveList  timers.o
    0x0000308c   0x0000308c   0x0000001a   Code   RO          628    i.prvIsQueueEmpty   queue_1.o
    0x000030a6   0x000030a6   0x0000001e   Code   RO          629    i.prvIsQueueFull    queue_1.o
    0x000030c4   0x000030c4   0x0000006a   Code   RO          886    i.prvListTasksWithinSingleList  tasks.o
    0x0000312e   0x0000312e   0x00000090   Code   RO          630    i.prvNotifyQueueSetContainer  queue_1.o
    0x000031be   0x000031be   0x00000002   PAD
    0x000031c0   0x000031c0   0x00000074   Code   RO         1300    i.prvProcessExpiredTimer  timers.o
    0x00003234   0x00003234   0x00000164   Code   RO         1301    i.prvProcessReceivedCommands  timers.o
    0x00003398   0x00003398   0x00000074   Code   RO         1302    i.prvProcessTimerOrBlockTask  timers.o
    0x0000340c   0x0000340c   0x00000034   Code   RO          887    i.prvResetNextTaskUnblockTime  tasks.o
    0x00003440   0x00003440   0x0000002c   Code   RO         1303    i.prvSampleTimeNow  timers.o
    0x0000346c   0x0000346c   0x000000a4   Code   RO         1304    i.prvSwitchTimerLists  timers.o
    0x00003510   0x00003510   0x00000016   Code   RO          889    i.prvTaskCheckFreeStackSpace  tasks.o
    0x00003526   0x00003526   0x00000002   PAD
    0x00003528   0x00003528   0x00000040   Code   RO          542    i.prvTaskExitError  port.o
    0x00003568   0x00003568   0x00000058   Code   RO          890    i.prvTaskIsTaskSuspended  tasks.o
    0x000035c0   0x000035c0   0x0000001a   Code   RO         1305    i.prvTimerTask      timers.o
    0x000035da   0x000035da   0x00000092   Code   RO          631    i.prvUnlockQueue    queue_1.o
    0x0000366c   0x0000366c   0x0000002a   Code   RO          891    i.prvWriteNameToBuffer  tasks.o
    0x00003696   0x00003696   0x00000002   PAD
    0x00003698   0x00003698   0x000000b8   Code   RO          503    i.pvPortMalloc      heap_2.o
    0x00003750   0x00003750   0x0000002c   Code   RO          543    i.pxPortInitialiseStack  port.o
    0x0000377c   0x0000377c   0x0000001a   Code   RO           17    i.rand_range        main.o
    0x00003796   0x00003796   0x00000002   PAD
    0x00003798   0x00003798   0x00000078   Code   RO           18    i.random_task       main.o
    0x00003810   0x00003810   0x0000006e   Code   RO         2450    i.sqrt              m_wm.l(sqrt.o)
    0x0000387e   0x0000387e   0x00000002   PAD
    0x00003880   0x00003880   0x00000044   Code   RO           19    i.uart_init         main.o
    0x000038c4   0x000038c4   0x00000028   Code   RO          466    i.uxListRemove      list.o
    0x000038ec   0x000038ec   0x0000000c   Code   RO          894    i.uxTaskGetNumberOfTasks  tasks.o
    0x000038f8   0x000038f8   0x000000b0   Code   RO          897    i.uxTaskGetSystemState  tasks.o
    0x000039a8   0x000039a8   0x00000002   Code   RO           20    i.vApplicationIdleHook  main.o
    0x000039aa   0x000039aa   0x0000001a   Code   RO          467    i.vListInitialise   list.o
    0x000039c4   0x000039c4   0x00000006   Code   RO          468    i.vListInitialiseItem  list.o
    0x000039ca   0x000039ca   0x00000034   Code   RO          469    i.vListInsert       list.o
    0x000039fe   0x000039fe   0x00000018   Code   RO          470    i.vListInsertEnd    list.o
    0x00003a16   0x00003a16   0x00000002   PAD
    0x00003a18   0x00003a18   0x00000054   Code   RO          545    i.vPortEnterCritical  port.o
    0x00003a6c   0x00003a6c   0x0000003c   Code   RO          546    i.vPortExitCritical  port.o
    0x00003aa8   0x00003aa8   0x00000040   Code   RO          504    i.vPortFree         heap_2.o
    0x00003ae8   0x00003ae8   0x00000068   Code   RO          547    i.vPortSetupTimerInterrupt  port.o
    0x00003b50   0x00003b50   0x0000014c   Code   RO          548    i.vPortSuppressTicksAndSleep  port.o
    0x00003c9c   0x00003c9c   0x00000078   Code   RO          549    i.vPortValidateInterruptPriority  port.o
    0x00003d14   0x00003d14   0x0000004a   Code   RO          639    i.vQueueWaitForMessageRestricted  queue_1.o
    0x00003d5e   0x00003d5e   0x00000002   PAD
    0x00003d60   0x00003d60   0x0000005c   Code   RO          902    i.vTaskDelay        tasks.o
    0x00003dbc   0x00003dbc   0x000000d4   Code   RO          903    i.vTaskDelayUntil   tasks.o
    0x00003e90   0x00003e90   0x000000f4   Code   RO          904    i.vTaskDelete       tasks.o
    0x00003f84   0x00003f84   0x00000084   Code   RO          906    i.vTaskGetInfo      tasks.o
    0x00004008   0x00004008   0x00000018   Code   RO          907    i.vTaskInternalSetTimeOutState  tasks.o
    0x00004020   0x00004020   0x000000dc   Code   RO          908    i.vTaskList         tasks.o
    0x000040fc   0x000040fc   0x0000000c   Code   RO          909    i.vTaskMissedYield  tasks.o
    0x00004108   0x00004108   0x00000038   Code   RO          911    i.vTaskPlaceOnEventList  tasks.o
    0x00004140   0x00004140   0x00000040   Code   RO          912    i.vTaskPlaceOnEventListRestricted  tasks.o
    0x00004180   0x00004180   0x00000114   Code   RO          915    i.vTaskPrioritySet  tasks.o
    0x00004294   0x00004294   0x00000090   Code   RO          917    i.vTaskResume       tasks.o
    0x00004324   0x00004324   0x00000094   Code   RO          920    i.vTaskStartScheduler  tasks.o
    0x000043b8   0x000043b8   0x00000040   Code   RO          921    i.vTaskStepTick     tasks.o
    0x000043f8   0x000043f8   0x000000f4   Code   RO          922    i.vTaskSuspend      tasks.o
    0x000044ec   0x000044ec   0x00000010   Code   RO          923    i.vTaskSuspendAll   tasks.o
    0x000044fc   0x000044fc   0x0000008c   Code   RO          924    i.vTaskSwitchContext  tasks.o
    0x00004588   0x00004588   0x00000016   Code   RO           21    i.wait_1ms          main.o
    0x0000459e   0x0000459e   0x00000002   PAD
    0x000045a0   0x000045a0   0x00000168   Code   RO          550    i.xPortStartScheduler  port.o
    0x00004708   0x00004708   0x0000005a   Code   RO          644    i.xQueueGenericCreate  queue_1.o
    0x00004762   0x00004762   0x00000002   PAD
    0x00004764   0x00004764   0x00000098   Code   RO          645    i.xQueueGenericReset  queue_1.o
    0x000047fc   0x000047fc   0x000001d8   Code   RO          646    i.xQueueGenericSend  queue_1.o
    0x000049d4   0x000049d4   0x00000108   Code   RO          647    i.xQueueGenericSendFromISR  queue_1.o
    0x00004adc   0x00004adc   0x00000168   Code   RO          656    i.xQueueReceive     queue_1.o
    0x00004c44   0x00004c44   0x000000a8   Code   RO          926    i.xTaskCheckForTimeOut  tasks.o
    0x00004cec   0x00004cec   0x00000060   Code   RO          927    i.xTaskCreate       tasks.o
    0x00004d4c   0x00004d4c   0x00000020   Code   RO          933    i.xTaskGetSchedulerState  tasks.o
    0x00004d6c   0x00004d6c   0x0000000c   Code   RO          934    i.xTaskGetTickCount  tasks.o
    0x00004d78   0x00004d78   0x00000148   Code   RO          936    i.xTaskIncrementTick  tasks.o
    0x00004ec0   0x00004ec0   0x000000c8   Code   RO          939    i.xTaskPriorityDisinherit  tasks.o
    0x00004f88   0x00004f88   0x0000009c   Code   RO          941    i.xTaskRemoveFromEventList  tasks.o
    0x00005024   0x00005024   0x00000104   Code   RO          942    i.xTaskResumeAll    tasks.o
    0x00005128   0x00005128   0x00000054   Code   RO         1312    i.xTimerCreateTimerTask  timers.o
    0x0000517c   0x0000517c   0x00000084   Code   RO         1313    i.xTimerGenericCommand  timers.o
    0x00005200   0x00005200   0x00000018   Code   RO         2396    x$fpl$basic         fz_wm.l(basic.o)
    0x00005218   0x00005218   0x00000150   Code   RO         2398    x$fpl$dadd          fz_wm.l(daddsub_clz.o)
    0x00005368   0x00005368   0x00000010   Code   RO         2486    x$fpl$dcheck1       fz_wm.l(dcheck1.o)
    0x00005378   0x00005378   0x00000018   Code   RO         2404    x$fpl$dcmpinf       fz_wm.l(dcmpi.o)
    0x00005390   0x00005390   0x000002b0   Code   RO         2407    x$fpl$ddiv          fz_wm.l(ddiv.o)
    0x00005640   0x00005640   0x0000005e   Code   RO         2307    x$fpl$dfix          fz_wm.l(dfix.o)
    0x0000569e   0x0000569e   0x0000002e   Code   RO         2312    x$fpl$dflt          fz_wm.l(dflt_clz.o)
    0x000056cc   0x000056cc   0x00000078   Code   RO         2317    x$fpl$dleqf         fz_wm.l(dleqf.o)
    0x00005744   0x00005744   0x00000154   Code   RO         2410    x$fpl$dmul          fz_wm.l(dmul.o)
    0x00005898   0x00005898   0x0000009c   Code   RO         2412    x$fpl$dnaninf       fz_wm.l(dnaninf.o)
    0x00005934   0x00005934   0x0000000c   Code   RO         2414    x$fpl$dretinf       fz_wm.l(dretinf.o)
    0x00005940   0x00005940   0x0000006c   Code   RO         2416    x$fpl$drleqf        fz_wm.l(drleqf.o)
    0x000059ac   0x000059ac   0x00000016   Code   RO         2399    x$fpl$drsb          fz_wm.l(daddsub_clz.o)
    0x000059c2   0x000059c2   0x00000002   PAD
    0x000059c4   0x000059c4   0x00000198   Code   RO         2488    x$fpl$dsqrt         fz_wm.l(dsqrt_umaal.o)
    0x00005b5c   0x00005b5c   0x000001d4   Code   RO         2400    x$fpl$dsub          fz_wm.l(daddsub_clz.o)
    0x00005d30   0x00005d30   0x00000056   Code   RO         2319    x$fpl$f2d           fz_wm.l(f2d.o)
    0x00005d86   0x00005d86   0x0000008c   Code   RO         2418    x$fpl$fnaninf       fz_wm.l(fnaninf.o)
    0x00005e12   0x00005e12   0x0000000a   Code   RO         2490    x$fpl$fpinit        fz_wm.l(fpinit.o)
    0x00005e1c   0x00005e1c   0x00000064   Code   RO         2509    x$fpl$retnan        fz_wm.l(retnan.o)
    0x00005e80   0x00005e80   0x0000005c   Code   RO         2420    x$fpl$scalbn        fz_wm.l(scalbn.o)
    0x00005edc   0x00005edc   0x00000030   Code   RO         2521    x$fpl$trapveneer    fz_wm.l(trapv.o)
    0x00005f0c   0x00005f0c   0x00000000   Code   RO         2422    x$fpl$usenofp       fz_wm.l(usenofp.o)
    0x00005f0c   0x00005f0c   0x0000000c   Data   RO           22    .constdata          main.o
    0x00005f18   0x00005f18   0x0000001c   Data   RO          292    .constdata          uartstdio.o
    0x00005f34   0x00005f34   0x00000254   Data   RO         1515    .constdata          driverlib.lib(sysctl.o)
    0x00006188   0x00006188   0x00000088   Data   RO         2324    .constdata          m_wm.l(pow.o)
    0x00006210   0x00006210   0x00000008   Data   RO         2447    .constdata          m_wm.l(qnan.o)
    0x00006218   0x00006218   0x00000011   Data   RO          293    .conststring        uartstdio.o
    0x00006229   0x00006229   0x00000003   PAD
    0x0000622c   0x0000622c   0x00000020   Data   RO         2584    Region$$Table       anon$$obj.o


    Execution Region ER_RW (Exec base: 0x20000000, Load base: 0x0000624c, Size: 0x0000008c, Max: 0xffffffff, ABSOLUTE)

    Exec Addr    Load Addr    Size         Type   Attr      Idx    E Section Name        Object

    0x20000000   0x0000624c   0x00000005   Data   RW          294    .data               uartstdio.o
    0x20000005   0x00006251   0x00000003   PAD
    0x20000008   0x00006254   0x00000004   Data   RW          379    .data               system_tm4c123.o
    0x2000000c   0x00006258   0x00000018   Data   RW          508    .data               heap_2.o
    0x20000024   0x00006270   0x00000018   Data   RW          551    .data               port.o
    0x2000003c   0x00006288   0x0000003c   Data   RW          945    .data               tasks.o
    0x20000078   0x000062c4   0x00000014   Data   RW         1321    .data               timers.o


    Execution Region ER_ZI (Exec base: 0x2000008c, Load base: 0x000062d8, Size: 0x0000249c, Max: 0xffffffff, ABSOLUTE)

    Exec Addr    Load Addr    Size         Type   Attr      Idx    E Section Name        Object

    0x2000008c        -       0x00002000   Zero   RW          507    .bss                heap_2.o
    0x2000208c        -       0x0000012c   Zero   RW          944    .bss                tasks.o
    0x200021b8        -       0x00000028   Zero   RW         1320    .bss                timers.o
    0x200021e0        -       0x000000e4   Zero   RW         2290    .bss                c_w.l(rand.o)
    0x200022c4        -       0x00000060   Zero   RW         2493    .bss                c_w.l(libspace.o)
    0x20002324   0x000062d8   0x00000004   PAD
    0x20002328        -       0x00000000   Zero   RW          366    HEAP                startup_tm4c123.o
    0x20002328        -       0x00000200   Zero   RW          365    STACK               startup_tm4c123.o


==============================================================================

Image component sizes


      Code (inc. data)   RO Data    RW Data    ZI Data      Debug   Object Name

         0          0          0          0          0       2292   freertos_evr.o
       304         40          0         24       8192       4083   heap_2.o
       148          0          0          0          0       3798   list.o
      2312        660         12          0          0      34402   main.o
       196          0          0          0          0       4925   my_queue.o
      1410        118          0         24          0      13830   port.o
      1972         14          0          0          0      25743   queue_1.o
       276         24        620          0        512       5568   startup_tm4c123.o
       152         40          0          4          0       1011   system_tm4c123.o
      4986        618          0         60        300      41811   tasks.o
      1242        106          0         20         40      21911   timers.o
       750         36         45          5          0       5380   uartstdio.o

    ----------------------------------------------------------------------
     13776       1656        712        140       9044     164754   Object Totals
         0          0         32          0          0          0   (incl. Generated)
        28          0          3          3          0          0   (incl. Padding)

    ----------------------------------------------------------------------

      Code (inc. data)   RO Data    RW Data    ZI Data      Debug   Library Member Name

         8          0          0          0          0         68   __main.o
       104          0          0          0          0         84   __printf.o
         0          0          0          0          0          0   __rtentry.o
        12          0          0          0          0          0   __rtentry2.o
         6          0          0          0          0          0   __rtentry4.o
        52          8          0          0          0          0   __scatter.o
        26          0          0          0          0          0   __scatter_copy.o
        28          0          0          0          0          0   __scatter_zi.o
         6          0          0          0          0          0   _printf_c.o
        44          0          0          0          0        108   _printf_char.o
        48          6          0          0          0         96   _printf_char_common.o
         6          0          0          0          0          0   _printf_d.o
       120         16          0          0          0         92   _printf_dec.o
       178          0          0          0          0         88   _printf_intcommon.o
         0          0          0          0          0          0   _printf_percent.o
         4          0          0          0          0          0   _printf_percent_end.o
        82          0          0          0          0         80   _printf_str.o
         6          0          0          0          0          0   _printf_u.o
        22          0          0          0          0        100   _rserrno.o
        10          0          0          0          0         68   _sputc.o
        16          0          0          0          0         68   aeabi_memset.o
        18          0          0          0          0         80   exit.o
         6          0          0          0          0        152   heapauxi.o
         0          0          0          0          0          0   indicate_semi.o
         2          0          0          0          0          0   libinit.o
        10          0          0          0          0          0   libinit2.o
         2          0          0          0          0          0   libshutdown.o
         2          0          0          0          0          0   libshutdown2.o
         8          4          0          0         96         68   libspace.o
        40          6          0          0          0         84   noretval__2sprintf.o
       612          0          0          0          0        136   qsortnoex.o
       112         18          0          0        228        160   rand.o
         8          4          0          0          0         68   rt_errno_addr_intlibspace.o
        68          0          0          0          0         68   rt_memclr.o
        78          0          0          0          0         80   rt_memclr_w.o
       138          0          0          0          0         68   rt_memcpy_v6.o
       100          0          0          0          0         80   rt_memcpy_w.o
         2          0          0          0          0          0   rtexit.o
        10          0          0          0          0          0   rtexit2.o
        72          0          0          0          0         80   strcpy.o
        62          0          0          0          0         76   strlen.o
        12          4          0          0          0         68   sys_exit.o
        74          0          0          0          0         80   sys_stackheap_outer.o
         2          0          0          0          0         68   use_no_semi.o
       468         48        596          0          0       7252   sysctl.o
       142          0          0          0          0       2489   uart.o
        24          0          0          0          0        164   basic.o
       826         16          0          0          0        492   daddsub_clz.o
        16          4          0          0          0        116   dcheck1.o
        24          0          0          0          0        116   dcmpi.o
       688        140          0          0          0        256   ddiv.o
        94          4          0          0          0        140   dfix.o
        46          0          0          0          0        116   dflt_clz.o
       120          4          0          0          0        140   dleqf.o
       340         12          0          0          0        152   dmul.o
       156          4          0          0          0        140   dnaninf.o
        12          0          0          0          0        116   dretinf.o
       108          0          0          0          0        128   drleqf.o
       408         56          0          0          0        168   dsqrt_umaal.o
        86          4          0          0          0        132   f2d.o
       140          4          0          0          0        132   fnaninf.o
        10          0          0          0          0        116   fpinit.o
       100          0          0          0          0        116   retnan.o
        92          0          0          0          0        116   scalbn.o
        48          0          0          0          0        116   trapv.o
         0          0          0          0          0          0   usenofp.o
       164         44          0          0          0        620   dunder.o
        24          0          0          0          0        124   fabs.o
        48          0          0          0          0        124   fpclassify.o
       248          0          0          0          0        152   poly.o
      3152        296        136          0          0        352   pow.o
         0          0          8          0          0          0   qnan.o
       110          0          0          0          0        148   sqrt.o

    ----------------------------------------------------------------------
      9936        702        740          0        328      16501   Library Totals
        26          0          0          0          4          0   (incl. Padding)

    ----------------------------------------------------------------------

      Code (inc. data)   RO Data    RW Data    ZI Data      Debug   Library Name

      2216         66          0          0        324       2268   c_w.l
       610         48        596          0          0       9741   driverlib.lib
      3338        248          0          0          0       2972   fz_wm.l
      3746        340        144          0          0       1520   m_wm.l

    ----------------------------------------------------------------------
      9936        702        740          0        328      16501   Library Totals

    ----------------------------------------------------------------------

==============================================================================


      Code (inc. data)   RO Data    RW Data    ZI Data      Debug   

     23712       2358       1452        140       9372     165759   Grand Totals
     23712       2358       1452        140       9372     165759   ELF Image Totals
     23712       2358       1452        140          0          0   ROM Totals

==============================================================================

    Total RO  Size (Code + RO Data)                25164 (  24.57kB)
    Total RW  Size (RW Data + ZI Data)              9512 (   9.29kB)
    Total ROM Size (Code + RO Data + RW Data)      25304 (  24.71kB)

==============================================================================

